Archive member included to satisfy reference by file (symbol)

/Users/nahl/toolchains/arm-gnu-toolchain-12.2.mpacbti-rel1-darwin-x86_64-arm-none-eabi/bin/../lib/gcc/arm-none-eabi/12.2.1/../../../../arm-none-eabi/lib/thumb/v7e-m/nofp/libc.a(libc_a-exit.o)
                              /Users/nahl/toolchains/arm-gnu-toolchain-12.2.mpacbti-rel1-darwin-x86_64-arm-none-eabi/bin/../lib/gcc/arm-none-eabi/12.2.1/../../../../arm-none-eabi/lib/thumb/v7e-m/nofp/rdimon-crt0.o (exit)
/Users/nahl/toolchains/arm-gnu-toolchain-12.2.mpacbti-rel1-darwin-x86_64-arm-none-eabi/bin/../lib/gcc/arm-none-eabi/12.2.1/../../../../arm-none-eabi/lib/thumb/v7e-m/nofp/libc.a(libc_a-puts.o)
                              main.o (puts)
/Users/nahl/toolchains/arm-gnu-toolchain-12.2.mpacbti-rel1-darwin-x86_64-arm-none-eabi/bin/../lib/gcc/arm-none-eabi/12.2.1/../../../../arm-none-eabi/lib/thumb/v7e-m/nofp/libc.a(libc_a-findfp.o)
                              /Users/nahl/toolchains/arm-gnu-toolchain-12.2.mpacbti-rel1-darwin-x86_64-arm-none-eabi/bin/../lib/gcc/arm-none-eabi/12.2.1/../../../../arm-none-eabi/lib/thumb/v7e-m/nofp/libc.a(libc_a-exit.o) (__stdio_exit_handler)
/Users/nahl/toolchains/arm-gnu-toolchain-12.2.mpacbti-rel1-darwin-x86_64-arm-none-eabi/bin/../lib/gcc/arm-none-eabi/12.2.1/../../../../arm-none-eabi/lib/thumb/v7e-m/nofp/libc.a(libc_a-fvwrite.o)
                              /Users/nahl/toolchains/arm-gnu-toolchain-12.2.mpacbti-rel1-darwin-x86_64-arm-none-eabi/bin/../lib/gcc/arm-none-eabi/12.2.1/../../../../arm-none-eabi/lib/thumb/v7e-m/nofp/libc.a(libc_a-puts.o) (__sfvwrite_r)
/Users/nahl/toolchains/arm-gnu-toolchain-12.2.mpacbti-rel1-darwin-x86_64-arm-none-eabi/bin/../lib/gcc/arm-none-eabi/12.2.1/../../../../arm-none-eabi/lib/thumb/v7e-m/nofp/libc.a(libc_a-fwalk.o)
                              /Users/nahl/toolchains/arm-gnu-toolchain-12.2.mpacbti-rel1-darwin-x86_64-arm-none-eabi/bin/../lib/gcc/arm-none-eabi/12.2.1/../../../../arm-none-eabi/lib/thumb/v7e-m/nofp/libc.a(libc_a-findfp.o) (_fwalk_sglue)
/Users/nahl/toolchains/arm-gnu-toolchain-12.2.mpacbti-rel1-darwin-x86_64-arm-none-eabi/bin/../lib/gcc/arm-none-eabi/12.2.1/../../../../arm-none-eabi/lib/thumb/v7e-m/nofp/libc.a(libc_a-wsetup.o)
                              /Users/nahl/toolchains/arm-gnu-toolchain-12.2.mpacbti-rel1-darwin-x86_64-arm-none-eabi/bin/../lib/gcc/arm-none-eabi/12.2.1/../../../../arm-none-eabi/lib/thumb/v7e-m/nofp/libc.a(libc_a-fvwrite.o) (__swsetup_r)
/Users/nahl/toolchains/arm-gnu-toolchain-12.2.mpacbti-rel1-darwin-x86_64-arm-none-eabi/bin/../lib/gcc/arm-none-eabi/12.2.1/../../../../arm-none-eabi/lib/thumb/v7e-m/nofp/libc.a(libc_a-memmove.o)
                              /Users/nahl/toolchains/arm-gnu-toolchain-12.2.mpacbti-rel1-darwin-x86_64-arm-none-eabi/bin/../lib/gcc/arm-none-eabi/12.2.1/../../../../arm-none-eabi/lib/thumb/v7e-m/nofp/libc.a(libc_a-fvwrite.o) (memmove)
/Users/nahl/toolchains/arm-gnu-toolchain-12.2.mpacbti-rel1-darwin-x86_64-arm-none-eabi/bin/../lib/gcc/arm-none-eabi/12.2.1/../../../../arm-none-eabi/lib/thumb/v7e-m/nofp/libc.a(libc_a-memset.o)
                              /Users/nahl/toolchains/arm-gnu-toolchain-12.2.mpacbti-rel1-darwin-x86_64-arm-none-eabi/bin/../lib/gcc/arm-none-eabi/12.2.1/../../../../arm-none-eabi/lib/thumb/v7e-m/nofp/rdimon-crt0.o (memset)
/Users/nahl/toolchains/arm-gnu-toolchain-12.2.mpacbti-rel1-darwin-x86_64-arm-none-eabi/bin/../lib/gcc/arm-none-eabi/12.2.1/../../../../arm-none-eabi/lib/thumb/v7e-m/nofp/libc.a(libc_a-impure.o)
                              /Users/nahl/toolchains/arm-gnu-toolchain-12.2.mpacbti-rel1-darwin-x86_64-arm-none-eabi/bin/../lib/gcc/arm-none-eabi/12.2.1/../../../../arm-none-eabi/lib/thumb/v7e-m/nofp/libc.a(libc_a-puts.o) (_impure_ptr)
/Users/nahl/toolchains/arm-gnu-toolchain-12.2.mpacbti-rel1-darwin-x86_64-arm-none-eabi/bin/../lib/gcc/arm-none-eabi/12.2.1/../../../../arm-none-eabi/lib/thumb/v7e-m/nofp/libc.a(libc_a-init.o)
                              /Users/nahl/toolchains/arm-gnu-toolchain-12.2.mpacbti-rel1-darwin-x86_64-arm-none-eabi/bin/../lib/gcc/arm-none-eabi/12.2.1/../../../../arm-none-eabi/lib/thumb/v7e-m/nofp/rdimon-crt0.o (__libc_init_array)
/Users/nahl/toolchains/arm-gnu-toolchain-12.2.mpacbti-rel1-darwin-x86_64-arm-none-eabi/bin/../lib/gcc/arm-none-eabi/12.2.1/../../../../arm-none-eabi/lib/thumb/v7e-m/nofp/libc.a(libc_a-lock.o)
                              /Users/nahl/toolchains/arm-gnu-toolchain-12.2.mpacbti-rel1-darwin-x86_64-arm-none-eabi/bin/../lib/gcc/arm-none-eabi/12.2.1/../../../../arm-none-eabi/lib/thumb/v7e-m/nofp/libc.a(libc_a-findfp.o) (__retarget_lock_init_recursive)
/Users/nahl/toolchains/arm-gnu-toolchain-12.2.mpacbti-rel1-darwin-x86_64-arm-none-eabi/bin/../lib/gcc/arm-none-eabi/12.2.1/../../../../arm-none-eabi/lib/thumb/v7e-m/nofp/libc.a(libc_a-memchr.o)
[...]
Memory Configuration

Name             Origin             Length             Attributes
FLASH            0x08000000         0x00100000         xr
SRAM             0x20000000         0x00020000         xrw
*default*        0x00000000         0xffffffff

Linker script and memory map

LOAD /Users/nahl/toolchains/arm-gnu-toolchain-12.2.mpacbti-rel1-darwin-x86_64-arm-none-eabi/bin/../lib/gcc/arm-none-eabi/12.2.1/thumb/v7e-m/nofp/crti.o
LOAD /Users/nahl/toolchains/arm-gnu-toolchain-12.2.mpacbti-rel1-darwin-x86_64-arm-none-eabi/bin/../lib/gcc/arm-none-eabi/12.2.1/thumb/v7e-m/nofp/crtbegin.o
LOAD /Users/nahl/toolchains/arm-gnu-toolchain-12.2.mpacbti-rel1-darwin-x86_64-arm-none-eabi/bin/../lib/gcc/arm-none-eabi/12.2.1/../../../../arm-none-eabi/lib/thumb/v7e-m/nofp/rdimon-crt0.o
LOAD main.o
LOAD led.o
LOAD stm32_startup.o
START GROUP
LOAD /Users/nahl/toolchains/arm-gnu-toolchain-12.2.mpacbti-rel1-darwin-x86_64-arm-none-eabi/bin/../lib/gcc/arm-none-eabi/12.2.1/thumb/v7e-m/nofp/libgcc.a
LOAD /Users/nahl/toolchains/arm-gnu-toolchain-12.2.mpacbti-rel1-darwin-x86_64-arm-none-eabi/bin/../lib/gcc/arm-none-eabi/12.2.1/../../../../arm-none-eabi/lib/thumb/v7e-m/nofp/libc.a
END GROUP
START GROUP
LOAD /Users/nahl/toolchains/arm-gnu-toolchain-12.2.mpacbti-rel1-darwin-x86_64-arm-none-eabi/bin/../lib/gcc/arm-none-eabi/12.2.1/thumb/v7e-m/nofp/libgcc.a
LOAD /Users/nahl/toolchains/arm-gnu-toolchain-12.2.mpacbti-rel1-darwin-x86_64-arm-none-eabi/bin/../lib/gcc/arm-none-eabi/12.2.1/../../../../arm-none-eabi/lib/thumb/v7e-m/nofp/libc.a
LOAD /Users/nahl/toolchains/arm-gnu-toolchain-12.2.mpacbti-rel1-darwin-x86_64-arm-none-eabi/bin/../lib/gcc/arm-none-eabi/12.2.1/../../../../arm-none-eabi/lib/thumb/v7e-m/nofp/librdimon.a
END GROUP
LOAD /Users/nahl/toolchains/arm-gnu-toolchain-12.2.mpacbti-rel1-darwin-x86_64-arm-none-eabi/bin/../lib/gcc/arm-none-eabi/12.2.1/thumb/v7e-m/nofp/crtend.o
LOAD /Users/nahl/toolchains/arm-gnu-toolchain-12.2.mpacbti-rel1-darwin-x86_64-arm-none-eabi/bin/../lib/gcc/arm-none-eabi/12.2.1/thumb/v7e-m/nofp/crtn.o

.text           0x08000000     0x350c
 *(.isr_vector)
 .isr_vector    0x08000000      0x188 stm32_startup.o
                0x08000000                vectors
 *(.text)
 .text          0x08000188        0x0 /Users/nahl/toolchains/arm-gnu-toolchain-12.2.mpacbti-rel1-darwin-x86_64-arm-none-eabi/bin/../lib/gcc/arm-none-eabi/12.2.1/thumb/v7e-m/nofp/crti.o
 .text          0x08000188        0x0 /Users/nahl/toolchains/arm-gnu-toolchain-12.2.mpacbti-rel1-darwin-x86_64-arm-none-eabi/bin/../lib/gcc/arm-none-eabi/12.2.1/thumb/v7e-m/nofp/crtbegin.o
 .text          0x08000188       0xf8 /Users/nahl/toolchains/arm-gnu-toolchain-12.2.mpacbti-rel1-darwin-x86_64-arm-none-eabi/bin/../lib/gcc/arm-none-eabi/12.2.1/../../../../arm-none-eabi/lib/thumb/v7e-m/nofp/rdimon-crt0.o
                0x08000188                _stack_init
                0x08000194                _mainCRTStartup
                0x08000194                _start
 .text          0x08000280      0x544 main.o
                0x08000280                main
                0x080002bc                idle_task
                0x080002c4                task1_handler
                0x080002f4                task2_handler
                0x08000324                task3_handler
                0x08000354                task4_handler
                0x08000384                init_systick_timer
                0x080003ec                init_scheduler_stack
                0x080003f6                init_tasks_stack
                0x08000510                enable_processor_faults
                0x0800054c                get_psp_value
                0x0800056c                save_psp_value
                0x08000594                update_next_task
                0x0800061c                switch_sp_to_psp
                0x08000636                schedule
                0x0800065c                task_delay
                0x080006bc                PendSV_Handler
                0x080006e2                update_global_tick_count
                0x080006fc                unblock_tasks
                0x0800075c                SysTick_Handler
                0x08000788                HardFault_Handler
                0x0800079c                MemManage_Handler
                0x080007b0                BusFault_Handler
 .text          0x080007c4       0xfc led.o
                0x080007c4                delay
                0x080007ec                led_init_all
                0x08000860                led_on
                0x08000890                led_off
 .text          0x080008c0       0x90 stm32_startup.o
                0x080008c0                DMA1_Stream3_IRQHandler
                0x080008c0                HASH_RNG_IRQHandler
                0x080008c0                EXTI2_IRQHandler
                0x080008c0                TIM8_CC_IRQHandler
                0x080008c0                DebugMon_Handler
                0x080008c0                TIM1_CC_IRQHandler
                0x080008c0                DMA2_Stream5_IRQHandler
                0x080008c0                DMA1_Stream5_IRQHandler
                0x080008c0                PVD_IRQHandler
                0x080008c0                SDIO_IRQHandler
                0x080008c0                TAMP_STAMP_IRQHandler
                0x080008c0                NMI_Handler
                0x080008c0                CAN2_RX1_IRQHandler
                0x080008c0                EXTI3_IRQHandler
                0x080008c0                TIM8_TRG_COM_TIM14_IRQHandler
                0x080008c0                TIM1_UP_TIM10_IRQHandler
                0x080008c0                TIM8_UP_TIM13_IRQHandler
                0x080008c0                I2C3_ER_IRQHandler
                0x080008c0                EXTI0_IRQHandler
                0x080008c0                I2C2_EV_IRQHandler
                0x080008c0                DMA1_Stream2_IRQHandler
                0x080008c0                CAN1_RX0_IRQHandler
                0x080008c0                FPU_IRQHandler
                0x080008c0                OTG_HS_WKUP_IRQHandler
                0x080008c0                UsageFault_Handler
                0x080008c0                CAN2_SCE_IRQHandler
                0x080008c0                DMA2_Stream2_IRQHandler
                0x080008c0                SPI1_IRQHandler
                0x080008c0                TIM6_DAC_IRQHandler
                0x080008c0                TIM1_BRK_TIM9_IRQHandler
                0x080008c0                DCMI_IRQHandler
                0x080008c0                CAN2_RX0_IRQHandler
                0x080008c0                DMA2_Stream3_IRQHandler
                0x080008c0                USART6_IRQHandler
                0x080008c0                USART3_IRQHandler
                0x080008c0                CRYP_IRQHandler
                0x080008c0                RTC_Alarm_IRQHandler
                0x080008c0                CAN1_RX1_IRQHandler
                0x080008c0                UART5_IRQHandler
                0x080008c0                DMA2_Stream0_IRQHandler
                0x080008c0                TIM4_IRQHandler
                0x080008c0                I2C1_EV_IRQHandler
                0x080008c0                DMA1_Stream6_IRQHandler
                0x080008c0                DMA1_Stream1_IRQHandler
                0x080008c0                UART4_IRQHandler
                0x080008c0                TIM3_IRQHandler
                0x080008c0                RCC_IRQHandler
                0x080008c0                TIM8_BRK_TIM12_IRQHandler
                0x080008c0                Default_Handler
                0x080008c0                EXTI15_10_IRQHandler
                0x080008c0                ADC_IRQHandler
                0x080008c0                DMA1_Stream7_IRQHandler
                0x080008c0                TIM7_IRQHandler
                0x080008c0                CAN2_TX_IRQHandler
                0x080008c0                TIM5_IRQHandler
                0x080008c0                DMA2_Stream7_IRQHandler
                0x080008c0                I2C3_EV_IRQHandler
                0x080008c0                EXTI9_5_IRQHandler
                0x080008c0                RTC_WKUP_IRQHandler
                0x080008c0                ETH_WKUP_IRQHandler
                0x080008c0                SPI2_IRQHandler
                0x080008c0                OTG_HS_EP1_IN_IRQHandler
                0x080008c0                DMA1_Stream0_IRQHandler
                0x080008c0                CAN1_TX_IRQHandler
                0x080008c0                SVC_Handler
                0x080008c0                EXTI4_IRQHandler
                0x080008c0                FSMC_IRQHandler
                0x080008c0                ETH_IRQHandler
                0x080008c0                OTG_HS_EP1_OUT_IRQHandler
                0x080008c0                WWDG_IRQHandler
                0x080008c0                TIM2_IRQHandler
                0x080008c0                OTG_FS_WKUP_IRQHandler
                0x080008c0                TIM1_TRG_COM_TIM11_IRQHandler
                0x080008c0                OTG_HS_IRQHandler
                0x080008c0                EXTI1_IRQHandler
                0x080008c0                USART2_IRQHandler
                0x080008c0                I2C2_ER_IRQHandler
                0x080008c0                DMA2_Stream1_IRQHandler
                0x080008c0                CAN1_SCE_IRQHandler
                0x080008c0                DMA2_Stream4_IRQHandler
                0x080008c0                USART1_IRQHandler
                0x080008c0                OTG_FS_IRQHandler
                0x080008c0                SPI3_IRQHandler
                0x080008c0                DMA1_Stream4_IRQHandler
                0x080008c0                I2C1_ER_IRQHandler
                0x080008c0                DMA2_Stream6_IRQHandler
                0x080008c8                Reset_Handler
 .text          0x08000950        0x0 /Users/nahl/toolchains/arm-gnu-toolchain-12.2.mpacbti-rel1-darwin-x86_64-arm-none-eabi/bin/../lib/gcc/arm-none-eabi/12.2.1/../../../../arm-none-eabi/lib/thumb/v7e-m/nofp/libc.a(libc_a-exit.o)
 .text          0x08000950        0x0 /Users/nahl/toolchains/arm-gnu-toolchain-12.2.mpacbti-rel1-darwin-x86_64-arm-none-eabi/bin/../lib/gcc/arm-none-eabi/12.2.1/../../../../arm-none-eabi/lib/thumb/v7e-m/nofp/libc.a(libc_a-puts.o)
 .text          0x08000950        0x0 /Users/nahl/toolchains/arm-gnu-toolchain-12.2.mpacbti-rel1-darwin-x86_64-arm-none-eabi/bin/../lib/gcc/arm-none-eabi/12.2.1/../../../../arm-none-eabi/lib/thumb/v7e-m/nofp/libc.a(libc_a-findfp.o)
 .text          0x08000950        0x0 /Users/nahl/toolchains/arm-gnu-toolchain-12.2.mpacbti-rel1-darwin-x86_64-arm-none-eabi/bin/../lib/gcc/arm-none-eabi/12.2.1/../../../../arm-none-eabi/lib/thumb/v7e-m/nofp/libc.a(libc_a-fvwrite.o)
 .text          0x08000950        0x0 /Users/nahl/toolchains/arm-gnu-toolchain-12.2.mpacbti-rel1-darwin-x86_64-arm-none-eabi/bin/../lib/gcc/arm-none-eabi/12.2.1/../../../../arm-none-eabi/lib/thumb/v7e-m/nofp/libc.a(libc_a-fwalk.o)
 .text          0x08000950        0x0 /Users/nahl/toolchains/arm-gnu-toolchain-12.2.mpacbti-rel1-darwin-x86_64-arm-none-eabi/bin/../lib/gcc/arm-none-eabi/12.2.1/../../../../arm-none-eabi/lib/thumb/v7e-m/nofp/libc.a(libc_a-wsetup.o)
 .text          0x08000950        0x0 /Users/nahl/toolchains/arm-gnu-toolchain-12.2.mpacbti-rel1-darwin-x86_64-arm-none-eabi/bin/../lib/gcc/arm-none-eabi/12.2.1/../../../../arm-none-eabi/lib/thumb/v7e-m/nofp/libc.a(libc_a-memmove.o)
 .text          0x08000950        0x0 /Users/nahl/toolchains/arm-gnu-toolchain-12.2.mpacbti-rel1-darwin-x86_64-arm-none-eabi/bin/../lib/gcc/arm-none-eabi/12.2.1/../../../../arm-none-eabi/lib/thumb/v7e-m/nofp/libc.a(libc_a-memset.o)
 .text          0x08000950        0x0 /Users/nahl/toolchains/arm-gnu-toolchain-12.2.mpacbti-rel1-darwin-x86_64-arm-none-eabi/bin/../lib/gcc/arm-none-eabi/12.2.1/../../../../arm-none-eabi/lib/thumb/v7e-m/nofp/libc.a(libc_a-impure.o)
 .text          0x08000950        0x0 /Users/nahl/toolchains/arm-gnu-toolchain-12.2.mpacbti-rel1-darwin-x86_64-arm-none-eabi/bin/../lib/gcc/arm-none-eabi/12.2.1/../../../../arm-none-eabi/lib/thumb/v7e-m/nofp/libc.a(libc_a-init.o)
 .text          0x08000950        0x0 /Users/nahl/toolchains/arm-gnu-toolchain-12.2.mpacbti-rel1-darwin-x86_64-arm-none-eabi/bin/../lib/gcc/arm-none-eabi/12.2.1/../../../../arm-none-eabi/lib/thumb/v7e-m/nofp/libc.a(libc_a-lock.o)
 .text          0x08000950       0xa0 /Users/nahl/toolchains/arm-gnu-toolchain-12.2.mpacbti-rel1-darwin-x86_64-arm-none-eabi/bin/../lib/gcc/arm-none-eabi/12.2.1/../../../../arm-none-eabi/lib/thumb/v7e-m/nofp/libc.a(libc_a-memchr.o)
                0x08000950                memchr
 .text          0x080009f0      0x134 /Users/nahl/toolchains/arm-gnu-toolchain-12.2.mpacbti-rel1-darwin-x86_64-arm-none-eabi/bin/../lib/gcc/arm-none-eabi/12.2.1/../../../../arm-none-eabi/lib/thumb/v7e-m/nofp/libc.a(libc_a-memcpy.o)
                0x080009f0                memcpy
 *fill*         0x08000b24       0x1c 
 .text          0x08000b40       0xd8 /Users/nahl/toolchains/arm-gnu-toolchain-12.2.mpacbti-rel1-darwin-x86_64-arm-none-eabi/bin/../lib/gcc/arm-none-eabi/12.2.1/../../../../arm-none-eabi/lib/thumb/v7e-m/nofp/libc.a(libc_a-strlen.o)
                0x08000b40                strlen
 .text          0x08000c18        0x0 /Users/nahl/toolchains/arm-gnu-toolchain-12.2.mpacbti-rel1-darwin-x86_64-arm-none-eabi/bin/../lib/gcc/arm-none-eabi/12.2.1/../../../../arm-none-eabi/lib/thumb/v7e-m/nofp/libc.a(libc_a-__call_atexit.o)
 .text          0x08000c18        0x0 /Users/nahl/toolchains/arm-gnu-toolchain-12.2.mpacbti-rel1-darwin-x86_64-arm-none-eabi/bin/../lib/gcc/arm-none-eabi/12.2.1/../../../../arm-none-eabi/lib/thumb/v7e-m/nofp/libc.a(libc_a-atexit.o)
 .text          0x08000c18        0x0 /Users/nahl/toolchains/arm-gnu-toolchain-12.2.mpacbti-rel1-darwin-x86_64-arm-none-eabi/bin/../lib/gcc/arm-none-eabi/12.2.1/../../../../arm-none-eabi/lib/thumb/v7e-m/nofp/libc.a(libc_a-freer.o)
 .text          0x08000c18        0x0 /Users/nahl/toolchains/arm-gnu-toolchain-12.2.mpacbti-rel1-darwin-x86_64-arm-none-eabi/bin/../lib/gcc/arm-none-eabi/12.2.1/../../../../arm-none-eabi/lib/thumb/v7e-m/nofp/libc.a(libc_a-mallocr.o)
 .text          0x08000c18        0x0 /Users/nahl/toolchains/arm-gnu-toolchain-12.2.mpacbti-rel1-darwin-x86_64-arm-none-eabi/bin/../lib/gcc/arm-none-eabi/12.2.1/../../../../arm-none-eabi/lib/thumb/v7e-m/nofp/libc.a(libc_a-makebuf.o)
 .text          0x08000c18        0x0 /Users/nahl/toolchains/arm-gnu-toolchain-12.2.mpacbti-rel1-darwin-x86_64-arm-none-eabi/bin/../lib/gcc/arm-none-eabi/12.2.1/../../../../arm-none-eabi/lib/thumb/v7e-m/nofp/libc.a(libc_a-mlock.o)
 .text          0x08000c18        0x0 /Users/nahl/toolchains/arm-gnu-toolchain-12.2.mpacbti-rel1-darwin-x86_64-arm-none-eabi/bin/../lib/gcc/arm-none-eabi/12.2.1/../../../../arm-none-eabi/lib/thumb/v7e-m/nofp/libc.a(libc_a-fclose.o)
 .text          0x08000c18        0x0 /Users/nahl/toolchains/arm-gnu-toolchain-12.2.mpacbti-rel1-darwin-x86_64-arm-none-eabi/bin/../lib/gcc/arm-none-eabi/12.2.1/../../../../arm-none-eabi/lib/thumb/v7e-m/nofp/libc.a(libc_a-reallocr.o)
 .text          0x08000c18        0x0 /Users/nahl/toolchains/arm-gnu-toolchain-12.2.mpacbti-rel1-darwin-x86_64-arm-none-eabi/bin/../lib/gcc/arm-none-eabi/12.2.1/../../../../arm-none-eabi/lib/thumb/v7e-m/nofp/libc.a(libc_a-fflush.o)
 .text          0x08000c18        0x0 /Users/nahl/toolchains/arm-gnu-toolchain-12.2.mpacbti-rel1-darwin-x86_64-arm-none-eabi/bin/../lib/gcc/arm-none-eabi/12.2.1/../../../../arm-none-eabi/lib/thumb/v7e-m/nofp/libc.a(libc_a-stdio.o)
 .text          0x08000c18        0x0 /Users/nahl/toolchains/arm-gnu-toolchain-12.2.mpacbti-rel1-darwin-x86_64-arm-none-eabi/bin/../lib/gcc/arm-none-eabi/12.2.1/../../../../arm-none-eabi/lib/thumb/v7e-m/nofp/libc.a(libc_a-closer.o)
 .text          0x08000c18        0x0 /Users/nahl/toolchains/arm-gnu-toolchain-12.2.mpacbti-rel1-darwin-x86_64-arm-none-eabi/bin/../lib/gcc/arm-none-eabi/12.2.1/../../../../arm-none-eabi/lib/thumb/v7e-m/nofp/libc.a(libc_a-reent.o)
 .text          0x08000c18        0x0 /Users/nahl/toolchains/arm-gnu-toolchain-12.2.mpacbti-rel1-darwin-x86_64-arm-none-eabi/bin/../lib/gcc/arm-none-eabi/12.2.1/../../../../arm-none-eabi/lib/thumb/v7e-m/nofp/libc.a(libc_a-fstatr.o)
 .text          0x08000c18        0x0 /Users/nahl/toolchains/arm-gnu-toolchain-12.2.mpacbti-rel1-darwin-x86_64-arm-none-eabi/bin/../lib/gcc/arm-none-eabi/12.2.1/../../../../arm-none-eabi/lib/thumb/v7e-m/nofp/libc.a(libc_a-isattyr.o)
 .text          0x08000c18        0x0 /Users/nahl/toolchains/arm-gnu-toolchain-12.2.mpacbti-rel1-darwin-x86_64-arm-none-eabi/bin/../lib/gcc/arm-none-eabi/12.2.1/../../../../arm-none-eabi/lib/thumb/v7e-m/nofp/libc.a(libc_a-lseekr.o)
 .text          0x08000c18        0x0 /Users/nahl/toolchains/arm-gnu-toolchain-12.2.mpacbti-rel1-darwin-x86_64-arm-none-eabi/bin/../lib/gcc/arm-none-eabi/12.2.1/../../../../arm-none-eabi/lib/thumb/v7e-m/nofp/libc.a(libc_a-readr.o)
 .text          0x08000c18        0x0 /Users/nahl/toolchains/arm-gnu-toolchain-12.2.mpacbti-rel1-darwin-x86_64-arm-none-eabi/bin/../lib/gcc/arm-none-eabi/12.2.1/../../../../arm-none-eabi/lib/thumb/v7e-m/nofp/libc.a(libc_a-sbrkr.o)
 .text          0x08000c18        0x0 /Users/nahl/toolchains/arm-gnu-toolchain-12.2.mpacbti-rel1-darwin-x86_64-arm-none-eabi/bin/../lib/gcc/arm-none-eabi/12.2.1/../../../../arm-none-eabi/lib/thumb/v7e-m/nofp/libc.a(libc_a-writer.o)
 .text          0x08000c18        0x0 /Users/nahl/toolchains/arm-gnu-toolchain-12.2.mpacbti-rel1-darwin-x86_64-arm-none-eabi/bin/../lib/gcc/arm-none-eabi/12.2.1/../../../../arm-none-eabi/lib/thumb/v7e-m/nofp/libc.a(libc_a-sysconf.o)
 .text          0x08000c18        0x0 /Users/nahl/toolchains/arm-gnu-toolchain-12.2.mpacbti-rel1-darwin-x86_64-arm-none-eabi/bin/../lib/gcc/arm-none-eabi/12.2.1/../../../../arm-none-eabi/lib/thumb/v7e-m/nofp/libc.a(libc_a-fini.o)
 .text          0x08000c18        0x0 /Users/nahl/toolchains/arm-gnu-toolchain-12.2.mpacbti-rel1-darwin-x86_64-arm-none-eabi/bin/../lib/gcc/arm-none-eabi/12.2.1/../../../../arm-none-eabi/lib/thumb/v7e-m/nofp/libc.a(libc_a-__atexit.o)
 .text          0x08000c18        0x0 /Users/nahl/toolchains/arm-gnu-toolchain-12.2.mpacbti-rel1-darwin-x86_64-arm-none-eabi/bin/../lib/gcc/arm-none-eabi/12.2.1/../../../../arm-none-eabi/lib/thumb/v7e-m/nofp/libc.a(libc_a-errno.o)
 .text          0x08000c18        0x0 /Users/nahl/toolchains/arm-gnu-toolchain-12.2.mpacbti-rel1-darwin-x86_64-arm-none-eabi/bin/../lib/gcc/arm-none-eabi/12.2.1/../../../../arm-none-eabi/lib/thumb/v7e-m/nofp/librdimon.a(arm_librdimon_a-_exit.o)
 .text          0x08000c18        0x0 /Users/nahl/toolchains/arm-gnu-toolchain-12.2.mpacbti-rel1-darwin-x86_64-arm-none-eabi/bin/../lib/gcc/arm-none-eabi/12.2.1/../../../../arm-none-eabi/lib/thumb/v7e-m/nofp/librdimon.a(arm_librdimon_a-_kill.o)
 .text          0x08000c18        0x0 /Users/nahl/toolchains/arm-gnu-toolchain-12.2.mpacbti-rel1-darwin-x86_64-arm-none-eabi/bin/../lib/gcc/arm-none-eabi/12.2.1/../../../../arm-none-eabi/lib/thumb/v7e-m/nofp/librdimon.a(arm_librdimon_a-syscalls.o)
 .text          0x08000c18        0x0 /Users/nahl/toolchains/arm-gnu-toolchain-12.2.mpacbti-rel1-darwin-x86_64-arm-none-eabi/bin/../lib/gcc/arm-none-eabi/12.2.1/thumb/v7e-m/nofp/crtend.o
 .text          0x08000c18        0x0 /Users/nahl/toolchains/arm-gnu-toolchain-12.2.mpacbti-rel1-darwin-x86_64-arm-none-eabi/bin/../lib/gcc/arm-none-eabi/12.2.1/thumb/v7e-m/nofp/crtn.o
 *(.text.*)
 .text.deregister_tm_clones
                0x08000c18       0x1c /Users/nahl/toolchains/arm-gnu-toolchain-12.2.mpacbti-rel1-darwin-x86_64-arm-none-eabi/bin/../lib/gcc/arm-none-eabi/12.2.1/thumb/v7e-m/nofp/crtbegin.o
 .text.register_tm_clones
                0x08000c34       0x24 /Users/nahl/toolchains/arm-gnu-toolchain-12.2.mpacbti-rel1-darwin-x86_64-arm-none-eabi/bin/../lib/gcc/arm-none-eabi/12.2.1/thumb/v7e-m/nofp/crtbegin.o
 .text.__do_global_dtors_aux
                0x08000c58       0x28 /Users/nahl/toolchains/arm-gnu-toolchain-12.2.mpacbti-rel1-darwin-x86_64-arm-none-eabi/bin/../lib/gcc/arm-none-eabi/12.2.1/thumb/v7e-m/nofp/crtbegin.o
 .text.frame_dummy
                0x08000c80       0x24 /Users/nahl/toolchains/arm-gnu-toolchain-12.2.mpacbti-rel1-darwin-x86_64-arm-none-eabi/bin/../lib/gcc/arm-none-eabi/12.2.1/thumb/v7e-m/nofp/crtbegin.o
 .text.exit     0x08000ca4       0x1c /Users/nahl/toolchains/arm-gnu-toolchain-12.2.mpacbti-rel1-darwin-x86_64-arm-none-eabi/bin/../lib/gcc/arm-none-eabi/12.2.1/../../../../arm-none-eabi/lib/thumb/v7e-m/nofp/libc.a(libc_a-exit.o)
                0x08000ca4                exit
 .text._puts_r  0x08000cc0       0x98 /Users/nahl/toolchains/arm-gnu-toolchain-12.2.mpacbti-rel1-darwin-x86_64-arm-none-eabi/bin/../lib/gcc/arm-none-eabi/12.2.1/../../../../arm-none-eabi/lib/thumb/v7e-m/nofp/libc.a(libc_a-puts.o)
                0x08000cc0                _puts_r
 .text.puts     0x08000d58       0x10 /Users/nahl/toolchains/arm-gnu-toolchain-12.2.mpacbti-rel1-darwin-x86_64-arm-none-eabi/bin/../lib/gcc/arm-none-eabi/12.2.1/../../../../arm-none-eabi/lib/thumb/v7e-m/nofp/libc.a(libc_a-puts.o)
                0x08000d58                puts
 .text.stdio_exit_handler
                0x08000d68       0x18 /Users/nahl/toolchains/arm-gnu-toolchain-12.2.mpacbti-rel1-darwin-x86_64-arm-none-eabi/bin/../lib/gcc/arm-none-eabi/12.2.1/../../../../arm-none-eabi/lib/thumb/v7e-m/nofp/libc.a(libc_a-findfp.o)
 .text.cleanup_stdio
                0x08000d80       0x40 /Users/nahl/toolchains/arm-gnu-toolchain-12.2.mpacbti-rel1-darwin-x86_64-arm-none-eabi/bin/../lib/gcc/arm-none-eabi/12.2.1/../../../../arm-none-eabi/lib/thumb/v7e-m/nofp/libc.a(libc_a-findfp.o)
 .text.__fp_lock
                0x08000dc0       0x1c /Users/nahl/toolchains/arm-gnu-toolchain-12.2.mpacbti-rel1-darwin-x86_64-arm-none-eabi/bin/../lib/gcc/arm-none-eabi/12.2.1/../../../../arm-none-eabi/lib/thumb/v7e-m/nofp/libc.a(libc_a-findfp.o)
 .text.__fp_unlock
                0x08000ddc       0x1c /Users/nahl/toolchains/arm-gnu-toolchain-12.2.mpacbti-rel1-darwin-x86_64-arm-none-eabi/bin/../lib/gcc/arm-none-eabi/12.2.1/../../../../arm-none-eabi/lib/thumb/v7e-m/nofp/libc.a(libc_a-findfp.o)
 .text.global_stdio_init.part.0
                0x08000df8       0xf0 /Users/nahl/toolchains/arm-gnu-toolchain-12.2.mpacbti-rel1-darwin-x86_64-arm-none-eabi/bin/../lib/gcc/arm-none-eabi/12.2.1/../../../../arm-none-eabi/lib/thumb/v7e-m/nofp/libc.a(libc_a-findfp.o)
 .text.__sfp    0x08000ee8       0xc0 /Users/nahl/toolchains/arm-gnu-toolchain-12.2.mpacbti-rel1-darwin-x86_64-arm-none-eabi/bin/../lib/gcc/arm-none-eabi/12.2.1/../../../../arm-none-eabi/lib/thumb/v7e-m/nofp/libc.a(libc_a-findfp.o)
                0x08000ee8                __sfp
 .text.__sinit  0x08000fa8       0x3c /Users/nahl/toolchains/arm-gnu-toolchain-12.2.mpacbti-rel1-darwin-x86_64-arm-none-eabi/bin/../lib/gcc/arm-none-eabi/12.2.1/../../../../arm-none-eabi/lib/thumb/v7e-m/nofp/libc.a(libc_a-findfp.o)
                0x08000fa8                __sinit
 .text.__sfp_lock_acquire
                0x08000fe4        0xc /Users/nahl/toolchains/arm-gnu-toolchain-12.2.mpacbti-rel1-darwin-x86_64-arm-none-eabi/bin/../lib/gcc/arm-none-eabi/12.2.1/../../../../arm-none-eabi/lib/thumb/v7e-m/nofp/libc.a(libc_a-findfp.o)
                0x08000fe4                __sfp_lock_acquire
 .text.__sfp_lock_release
                0x08000ff0        0xc /Users/nahl/toolchains/arm-gnu-toolchain-12.2.mpacbti-rel1-darwin-x86_64-arm-none-eabi/bin/../lib/gcc/arm-none-eabi/12.2.1/../../../../arm-none-eabi/lib/thumb/v7e-m/nofp/libc.a(libc_a-findfp.o)
                0x08000ff0                __sfp_lock_release
 .text.__fp_lock_all
                0x08000ffc       0x24 /Users/nahl/toolchains/arm-gnu-toolchain-12.2.mpacbti-rel1-darwin-x86_64-arm-none-eabi/bin/../lib/gcc/arm-none-eabi/12.2.1/../../../../arm-none-eabi/lib/thumb/v7e-m/nofp/libc.a(libc_a-findfp.o)
                0x08000ffc                __fp_lock_all
 .text.__fp_unlock_all
                0x08001020       0x24 /Users/nahl/toolchains/arm-gnu-toolchain-12.2.mpacbti-rel1-darwin-x86_64-arm-none-eabi/bin/../lib/gcc/arm-none-eabi/12.2.1/../../../../arm-none-eabi/lib/thumb/v7e-m/nofp/libc.a(libc_a-findfp.o)
                0x08001020                __fp_unlock_all
 .text.__sfvwrite_r
                0x08001044      0x2f8 /Users/nahl/toolchains/arm-gnu-toolchain-12.2.mpacbti-rel1-darwin-x86_64-arm-none-eabi/bin/../lib/gcc/arm-none-eabi/12.2.1/../../../../arm-none-eabi/lib/thumb/v7e-m/nofp/libc.a(libc_a-fvwrite.o)
                0x08001044                __sfvwrite_r
 .text._fwalk_sglue
                0x0800133c       0x48 /Users/nahl/toolchains/arm-gnu-toolchain-12.2.mpacbti-rel1-darwin-x86_64-arm-none-eabi/bin/../lib/gcc/arm-none-eabi/12.2.1/../../../../arm-none-eabi/lib/thumb/v7e-m/nofp/libc.a(libc_a-fwalk.o)
                0x0800133c                _fwalk_sglue
 .text.__swsetup_r
                0x08001384       0xc0 /Users/nahl/toolchains/arm-gnu-toolchain-12.2.mpacbti-rel1-darwin-x86_64-arm-none-eabi/bin/../lib/gcc/arm-none-eabi/12.2.1/../../../../arm-none-eabi/lib/thumb/v7e-m/nofp/libc.a(libc_a-wsetup.o)
                0x08001384                __swsetup_r
 .text.memmove  0x08001444      0x100 /Users/nahl/toolchains/arm-gnu-toolchain-12.2.mpacbti-rel1-darwin-x86_64-arm-none-eabi/bin/../lib/gcc/arm-none-eabi/12.2.1/../../../../arm-none-eabi/lib/thumb/v7e-m/nofp/libc.a(libc_a-memmove.o)
                0x08001444                memmove
 .text.memset   0x08001544       0xa4 /Users/nahl/toolchains/arm-gnu-toolchain-12.2.mpacbti-rel1-darwin-x86_64-arm-none-eabi/bin/../lib/gcc/arm-none-eabi/12.2.1/../../../../arm-none-eabi/lib/thumb/v7e-m/nofp/libc.a(libc_a-memset.o)
                0x08001544                memset
 .text.__libc_init_array
                0x080015e8       0x50 /Users/nahl/toolchains/arm-gnu-toolchain-12.2.mpacbti-rel1-darwin-x86_64-arm-none-eabi/bin/../lib/gcc/arm-none-eabi/12.2.1/../../../../arm-none-eabi/lib/thumb/v7e-m/nofp/libc.a(libc_a-init.o)
                0x080015e8                __libc_init_array
 .text.__retarget_lock_init
                0x08001638        0x4 /Users/nahl/toolchains/arm-gnu-toolchain-12.2.mpacbti-rel1-darwin-x86_64-arm-none-eabi/bin/../lib/gcc/arm-none-eabi/12.2.1/../../../../arm-none-eabi/lib/thumb/v7e-m/nofp/libc.a(libc_a-lock.o)
                0x08001638                __retarget_lock_init
 .text.__retarget_lock_init_recursive
                0x0800163c        0x4 /Users/nahl/toolchains/arm-gnu-toolchain-12.2.mpacbti-rel1-darwin-x86_64-arm-none-eabi/bin/../lib/gcc/arm-none-eabi/12.2.1/../../../../arm-none-eabi/lib/thumb/v7e-m/nofp/libc.a(libc_a-lock.o)
                0x0800163c                __retarget_lock_init_recursive
 .text.__retarget_lock_close
                0x08001640        0x4 /Users/nahl/toolchains/arm-gnu-toolchain-12.2.mpacbti-rel1-darwin-x86_64-arm-none-eabi/bin/../lib/gcc/arm-none-eabi/12.2.1/../../../../arm-none-eabi/lib/thumb/v7e-m/nofp/libc.a(libc_a-lock.o)
                0x08001640                __retarget_lock_close
 .text.__retarget_lock_close_recursive
                0x08001644        0x4 /Users/nahl/toolchains/arm-gnu-toolchain-12.2.mpacbti-rel1-darwin-x86_64-arm-none-eabi/bin/../lib/gcc/arm-none-eabi/12.2.1/../../../../arm-none-eabi/lib/thumb/v7e-m/nofp/libc.a(libc_a-lock.o)
                0x08001644                __retarget_lock_close_recursive
 .text.__retarget_lock_acquire
                0x08001648        0x4 /Users/nahl/toolchains/arm-gnu-toolchain-12.2.mpacbti-rel1-darwin-x86_64-arm-none-eabi/bin/../lib/gcc/arm-none-eabi/12.2.1/../../../../arm-none-eabi/lib/thumb/v7e-m/nofp/libc.a(libc_a-lock.o)
                0x08001648                __retarget_lock_acquire
 .text.__retarget_lock_acquire_recursive
                0x0800164c        0x4 /Users/nahl/toolchains/arm-gnu-toolchain-12.2.mpacbti-rel1-darwin-x86_64-arm-none-eabi/bin/../lib/gcc/arm-none-eabi/12.2.1/../../../../arm-none-eabi/lib/thumb/v7e-m/nofp/libc.a(libc_a-lock.o)
                0x0800164c                __retarget_lock_acquire_recursive
 .text.__retarget_lock_try_acquire
                0x08001650        0x4 /Users/nahl/toolchains/arm-gnu-toolchain-12.2.mpacbti-rel1-darwin-x86_64-arm-none-eabi/bin/../lib/gcc/arm-none-eabi/12.2.1/../../../../arm-none-eabi/lib/thumb/v7e-m/nofp/libc.a(libc_a-lock.o)
                0x08001650                __retarget_lock_try_acquire
 .text.__retarget_lock_try_acquire_recursive
                0x08001654        0x4 /Users/nahl/toolchains/arm-gnu-toolchain-12.2.mpacbti-rel1-darwin-x86_64-arm-none-eabi/bin/../lib/gcc/arm-none-eabi/12.2.1/../../../../arm-none-eabi/lib/thumb/v7e-m/nofp/libc.a(libc_a-lock.o)
                0x08001654                __retarget_lock_try_acquire_recursive
 .text.__retarget_lock_release
                0x08001658        0x4 /Users/nahl/toolchains/arm-gnu-toolchain-12.2.mpacbti-rel1-darwin-x86_64-arm-none-eabi/bin/../lib/gcc/arm-none-eabi/12.2.1/../../../../arm-none-eabi/lib/thumb/v7e-m/nofp/libc.a(libc_a-lock.o)
                0x08001658                __retarget_lock_release
 .text.__retarget_lock_release_recursive
                0x0800165c        0x4 /Users/nahl/toolchains/arm-gnu-toolchain-12.2.mpacbti-rel1-darwin-x86_64-arm-none-eabi/bin/../lib/gcc/arm-none-eabi/12.2.1/../../../../arm-none-eabi/lib/thumb/v7e-m/nofp/libc.a(libc_a-lock.o)
                0x0800165c                __retarget_lock_release_recursive
 .text.startup.register_fini
                0x08001660       0x14 /Users/nahl/toolchains/arm-gnu-toolchain-12.2.mpacbti-rel1-darwin-x86_64-arm-none-eabi/bin/../lib/gcc/arm-none-eabi/12.2.1/../../../../arm-none-eabi/lib/thumb/v7e-m/nofp/libc.a(libc_a-__call_atexit.o)
 .text.__call_exitprocs
                0x08001674       0xb4 /Users/nahl/toolchains/arm-gnu-toolchain-12.2.mpacbti-rel1-darwin-x86_64-arm-none-eabi/bin/../lib/gcc/arm-none-eabi/12.2.1/../../../../arm-none-eabi/lib/thumb/v7e-m/nofp/libc.a(libc_a-__call_atexit.o)
                0x08001674                __call_exitprocs
 .text.atexit   0x08001728        0xc /Users/nahl/toolchains/arm-gnu-toolchain-12.2.mpacbti-rel1-darwin-x86_64-arm-none-eabi/bin/../lib/gcc/arm-none-eabi/12.2.1/../../../../arm-none-eabi/lib/thumb/v7e-m/nofp/libc.a(libc_a-atexit.o)
                0x08001728                atexit
 .text._malloc_trim_r
                0x08001734       0xb8 /Users/nahl/toolchains/arm-gnu-toolchain-12.2.mpacbti-rel1-darwin-x86_64-arm-none-eabi/bin/../lib/gcc/arm-none-eabi/12.2.1/../../../../arm-none-eabi/lib/thumb/v7e-m/nofp/libc.a(libc_a-freer.o)
                0x08001734                _malloc_trim_r
 .text._free_r  0x080017ec      0x1fc /Users/nahl/toolchains/arm-gnu-toolchain-12.2.mpacbti-rel1-darwin-x86_64-arm-none-eabi/bin/../lib/gcc/arm-none-eabi/12.2.1/../../../../arm-none-eabi/lib/thumb/v7e-m/nofp/libc.a(libc_a-freer.o)
                0x080017ec                _free_r
 .text._malloc_r
                0x080019e8      0x574 /Users/nahl/toolchains/arm-gnu-toolchain-12.2.mpacbti-rel1-darwin-x86_64-arm-none-eabi/bin/../lib/gcc/arm-none-eabi/12.2.1/../../../../arm-none-eabi/lib/thumb/v7e-m/nofp/libc.a(libc_a-mallocr.o)
                0x080019e8                _malloc_r
 .text.__smakebuf_r
                0x08001f5c       0xdc /Users/nahl/toolchains/arm-gnu-toolchain-12.2.mpacbti-rel1-darwin-x86_64-arm-none-eabi/bin/../lib/gcc/arm-none-eabi/12.2.1/../../../../arm-none-eabi/lib/thumb/v7e-m/nofp/libc.a(libc_a-makebuf.o)
                0x08001f5c                __smakebuf_r
 .text.__swhatbuf_r
                0x08002038       0x60 /Users/nahl/toolchains/arm-gnu-toolchain-12.2.mpacbti-rel1-darwin-x86_64-arm-none-eabi/bin/../lib/gcc/arm-none-eabi/12.2.1/../../../../arm-none-eabi/lib/thumb/v7e-m/nofp/libc.a(libc_a-makebuf.o)
                0x08002038                __swhatbuf_r
 .text.__malloc_lock
                0x08002098        0xc /Users/nahl/toolchains/arm-gnu-toolchain-12.2.mpacbti-rel1-darwin-x86_64-arm-none-eabi/bin/../lib/gcc/arm-none-eabi/12.2.1/../../../../arm-none-eabi/lib/thumb/v7e-m/nofp/libc.a(libc_a-mlock.o)
                0x08002098                __malloc_lock
 .text.__malloc_unlock
                0x080020a4        0xc /Users/nahl/toolchains/arm-gnu-toolchain-12.2.mpacbti-rel1-darwin-x86_64-arm-none-eabi/bin/../lib/gcc/arm-none-eabi/12.2.1/../../../../arm-none-eabi/lib/thumb/v7e-m/nofp/libc.a(libc_a-mlock.o)
                0x080020a4                __malloc_unlock
 .text._fclose_r
                0x080020b0       0xc0 /Users/nahl/toolchains/arm-gnu-toolchain-12.2.mpacbti-rel1-darwin-x86_64-arm-none-eabi/bin/../lib/gcc/arm-none-eabi/12.2.1/../../../../arm-none-eabi/lib/thumb/v7e-m/nofp/libc.a(libc_a-fclose.o)
                0x080020b0                _fclose_r
 .text.fclose   0x08002170       0x10 /Users/nahl/toolchains/arm-gnu-toolchain-12.2.mpacbti-rel1-darwin-x86_64-arm-none-eabi/bin/../lib/gcc/arm-none-eabi/12.2.1/../../../../arm-none-eabi/lib/thumb/v7e-m/nofp/libc.a(libc_a-fclose.o)
                0x08002170                fclose
 .text._realloc_r
                0x08002180      0x344 /Users/nahl/toolchains/arm-gnu-toolchain-12.2.mpacbti-rel1-darwin-x86_64-arm-none-eabi/bin/../lib/gcc/arm-none-eabi/12.2.1/../../../../arm-none-eabi/lib/thumb/v7e-m/nofp/libc.a(libc_a-reallocr.o)
                0x08002180                _realloc_r
 .text.__sflush_r
                0x080024c4      0x128 /Users/nahl/toolchains/arm-gnu-toolchain-12.2.mpacbti-rel1-darwin-x86_64-arm-none-eabi/bin/../lib/gcc/arm-none-eabi/12.2.1/../../../../arm-none-eabi/lib/thumb/v7e-m/nofp/libc.a(libc_a-fflush.o)
                0x080024c4                __sflush_r
 .text._fflush_r
                0x080025ec       0x54 /Users/nahl/toolchains/arm-gnu-toolchain-12.2.mpacbti-rel1-darwin-x86_64-arm-none-eabi/bin/../lib/gcc/arm-none-eabi/12.2.1/../../../../arm-none-eabi/lib/thumb/v7e-m/nofp/libc.a(libc_a-fflush.o)
                0x080025ec                _fflush_r
 .text.fflush   0x08002640       0x74 /Users/nahl/toolchains/arm-gnu-toolchain-12.2.mpacbti-rel1-darwin-x86_64-arm-none-eabi/bin/../lib/gcc/arm-none-eabi/12.2.1/../../../../arm-none-eabi/lib/thumb/v7e-m/nofp/libc.a(libc_a-fflush.o)
                0x08002640                fflush
 .text.__sread  0x080026b4       0x24 /Users/nahl/toolchains/arm-gnu-toolchain-12.2.mpacbti-rel1-darwin-x86_64-arm-none-eabi/bin/../lib/gcc/arm-none-eabi/12.2.1/../../../../arm-none-eabi/lib/thumb/v7e-m/nofp/libc.a(libc_a-stdio.o)
                0x080026b4                __sread
 .text.__seofread
                0x080026d8        0x4 /Users/nahl/toolchains/arm-gnu-toolchain-12.2.mpacbti-rel1-darwin-x86_64-arm-none-eabi/bin/../lib/gcc/arm-none-eabi/12.2.1/../../../../arm-none-eabi/lib/thumb/v7e-m/nofp/libc.a(libc_a-stdio.o)
                0x080026d8                __seofread
 .text.__swrite
                0x080026dc       0x40 /Users/nahl/toolchains/arm-gnu-toolchain-12.2.mpacbti-rel1-darwin-x86_64-arm-none-eabi/bin/../lib/gcc/arm-none-eabi/12.2.1/../../../../arm-none-eabi/lib/thumb/v7e-m/nofp/libc.a(libc_a-stdio.o)
                0x080026dc                __swrite
 .text.__sseek  0x0800271c       0x24 /Users/nahl/toolchains/arm-gnu-toolchain-12.2.mpacbti-rel1-darwin-x86_64-arm-none-eabi/bin/../lib/gcc/arm-none-eabi/12.2.1/../../../../arm-none-eabi/lib/thumb/v7e-m/nofp/libc.a(libc_a-stdio.o)
                0x0800271c                __sseek
 .text.__sclose
                0x08002740        0x8 /Users/nahl/toolchains/arm-gnu-toolchain-12.2.mpacbti-rel1-darwin-x86_64-arm-none-eabi/bin/../lib/gcc/arm-none-eabi/12.2.1/../../../../arm-none-eabi/lib/thumb/v7e-m/nofp/libc.a(libc_a-stdio.o)
                0x08002740                __sclose
 .text._close_r
                0x08002748       0x24 /Users/nahl/toolchains/arm-gnu-toolchain-12.2.mpacbti-rel1-darwin-x86_64-arm-none-eabi/bin/../lib/gcc/arm-none-eabi/12.2.1/../../../../arm-none-eabi/lib/thumb/v7e-m/nofp/libc.a(libc_a-closer.o)
                0x08002748                _close_r
 .text._reclaim_reent
                0x0800276c       0x5c /Users/nahl/toolchains/arm-gnu-toolchain-12.2.mpacbti-rel1-darwin-x86_64-arm-none-eabi/bin/../lib/gcc/arm-none-eabi/12.2.1/../../../../arm-none-eabi/lib/thumb/v7e-m/nofp/libc.a(libc_a-reent.o)
                0x0800276c                _reclaim_reent
 .text._fstat_r
                0x080027c8       0x2c /Users/nahl/toolchains/arm-gnu-toolchain-12.2.mpacbti-rel1-darwin-x86_64-arm-none-eabi/bin/../lib/gcc/arm-none-eabi/12.2.1/../../../../arm-none-eabi/lib/thumb/v7e-m/nofp/libc.a(libc_a-fstatr.o)
                0x080027c8                _fstat_r
 .text._isatty_r
                0x080027f4       0x24 /Users/nahl/toolchains/arm-gnu-toolchain-12.2.mpacbti-rel1-darwin-x86_64-arm-none-eabi/bin/../lib/gcc/arm-none-eabi/12.2.1/../../../../arm-none-eabi/lib/thumb/v7e-m/nofp/libc.a(libc_a-isattyr.o)
                0x080027f4                _isatty_r
 .text._lseek_r
                0x08002818       0x2c /Users/nahl/toolchains/arm-gnu-toolchain-12.2.mpacbti-rel1-darwin-x86_64-arm-none-eabi/bin/../lib/gcc/arm-none-eabi/12.2.1/../../../../arm-none-eabi/lib/thumb/v7e-m/nofp/libc.a(libc_a-lseekr.o)
                0x08002818                _lseek_r
 .text._read_r  0x08002844       0x2c /Users/nahl/toolchains/arm-gnu-toolchain-12.2.mpacbti-rel1-darwin-x86_64-arm-none-eabi/bin/../lib/gcc/arm-none-eabi/12.2.1/../../../../arm-none-eabi/lib/thumb/v7e-m/nofp/libc.a(libc_a-readr.o)
                0x08002844                _read_r
 .text._sbrk_r  0x08002870       0x24 /Users/nahl/toolchains/arm-gnu-toolchain-12.2.mpacbti-rel1-darwin-x86_64-arm-none-eabi/bin/../lib/gcc/arm-none-eabi/12.2.1/../../../../arm-none-eabi/lib/thumb/v7e-m/nofp/libc.a(libc_a-sbrkr.o)
                0x08002870                _sbrk_r
 .text._write_r
                0x08002894       0x2c /Users/nahl/toolchains/arm-gnu-toolchain-12.2.mpacbti-rel1-darwin-x86_64-arm-none-eabi/bin/../lib/gcc/arm-none-eabi/12.2.1/../../../../arm-none-eabi/lib/thumb/v7e-m/nofp/libc.a(libc_a-writer.o)
                0x08002894                _write_r
 .text.sysconf  0x080028c0       0x1c /Users/nahl/toolchains/arm-gnu-toolchain-12.2.mpacbti-rel1-darwin-x86_64-arm-none-eabi/bin/../lib/gcc/arm-none-eabi/12.2.1/../../../../arm-none-eabi/lib/thumb/v7e-m/nofp/libc.a(libc_a-sysconf.o)
                0x080028c0                sysconf
 .text.__libc_fini_array
                0x080028dc       0x28 /Users/nahl/toolchains/arm-gnu-toolchain-12.2.mpacbti-rel1-darwin-x86_64-arm-none-eabi/bin/../lib/gcc/arm-none-eabi/12.2.1/../../../../arm-none-eabi/lib/thumb/v7e-m/nofp/libc.a(libc_a-fini.o)
                0x080028dc                __libc_fini_array
 .text.__register_exitproc
                0x08002904       0x80 /Users/nahl/toolchains/arm-gnu-toolchain-12.2.mpacbti-rel1-darwin-x86_64-arm-none-eabi/bin/../lib/gcc/arm-none-eabi/12.2.1/../../../../arm-none-eabi/lib/thumb/v7e-m/nofp/libc.a(libc_a-__atexit.o)
                0x08002904                __register_exitproc
 .text.__errno  0x08002984        0xc /Users/nahl/toolchains/arm-gnu-toolchain-12.2.mpacbti-rel1-darwin-x86_64-arm-none-eabi/bin/../lib/gcc/arm-none-eabi/12.2.1/../../../../arm-none-eabi/lib/thumb/v7e-m/nofp/libc.a(libc_a-errno.o)
                0x08002984                __errno
 .text._exit    0x08002990       0x14 /Users/nahl/toolchains/arm-gnu-toolchain-12.2.mpacbti-rel1-darwin-x86_64-arm-none-eabi/bin/../lib/gcc/arm-none-eabi/12.2.1/../../../../arm-none-eabi/lib/thumb/v7e-m/nofp/librdimon.a(arm_librdimon_a-_exit.o)
                0x08002990                _exit
 .text._kill_shared
                0x080029a4       0x30 /Users/nahl/toolchains/arm-gnu-toolchain-12.2.mpacbti-rel1-darwin-x86_64-arm-none-eabi/bin/../lib/gcc/arm-none-eabi/12.2.1/../../../../arm-none-eabi/lib/thumb/v7e-m/nofp/librdimon.a(arm_librdimon_a-_kill.o)
                0x080029a4                _kill_shared
 .text._kill    0x080029d4       0x1c /Users/nahl/toolchains/arm-gnu-toolchain-12.2.mpacbti-rel1-darwin-x86_64-arm-none-eabi/bin/../lib/gcc/arm-none-eabi/12.2.1/../../../../arm-none-eabi/lib/thumb/v7e-m/nofp/librdimon.a(arm_librdimon_a-_kill.o)
                0x080029d4                _kill
 .text._swiread
                0x080029f0       0x3c /Users/nahl/toolchains/arm-gnu-toolchain-12.2.mpacbti-rel1-darwin-x86_64-arm-none-eabi/bin/../lib/gcc/arm-none-eabi/12.2.1/../../../../arm-none-eabi/lib/thumb/v7e-m/nofp/librdimon.a(arm_librdimon_a-syscalls.o)
                0x080029f0                _swiread
 .text._read    0x08002a2c       0x8c /Users/nahl/toolchains/arm-gnu-toolchain-12.2.mpacbti-rel1-darwin-x86_64-arm-none-eabi/bin/../lib/gcc/arm-none-eabi/12.2.1/../../../../arm-none-eabi/lib/thumb/v7e-m/nofp/librdimon.a(arm_librdimon_a-syscalls.o)
                0x08002a2c                _read
 .text._swilseek
                0x08002ab8       0xbc /Users/nahl/toolchains/arm-gnu-toolchain-12.2.mpacbti-rel1-darwin-x86_64-arm-none-eabi/bin/../lib/gcc/arm-none-eabi/12.2.1/../../../../arm-none-eabi/lib/thumb/v7e-m/nofp/librdimon.a(arm_librdimon_a-syscalls.o)
                0x08002ab8                _swilseek
 .text._lseek   0x08002b74        0x4 /Users/nahl/toolchains/arm-gnu-toolchain-12.2.mpacbti-rel1-darwin-x86_64-arm-none-eabi/bin/../lib/gcc/arm-none-eabi/12.2.1/../../../../arm-none-eabi/lib/thumb/v7e-m/nofp/librdimon.a(arm_librdimon_a-syscalls.o)
                0x08002b74                _lseek
 .text._swiwrite
                0x08002b78       0x3c /Users/nahl/toolchains/arm-gnu-toolchain-12.2.mpacbti-rel1-darwin-x86_64-arm-none-eabi/bin/../lib/gcc/arm-none-eabi/12.2.1/../../../../arm-none-eabi/lib/thumb/v7e-m/nofp/librdimon.a(arm_librdimon_a-syscalls.o)
                0x08002b78                _swiwrite
 .text._write   0x08002bb4       0xa8 /Users/nahl/toolchains/arm-gnu-toolchain-12.2.mpacbti-rel1-darwin-x86_64-arm-none-eabi/bin/../lib/gcc/arm-none-eabi/12.2.1/../../../../arm-none-eabi/lib/thumb/v7e-m/nofp/librdimon.a(arm_librdimon_a-syscalls.o)
                0x08002bb4                _write
 .text._swiclose
                0x08002c5c       0x38 /Users/nahl/toolchains/arm-gnu-toolchain-12.2.mpacbti-rel1-darwin-x86_64-arm-none-eabi/bin/../lib/gcc/arm-none-eabi/12.2.1/../../../../arm-none-eabi/lib/thumb/v7e-m/nofp/librdimon.a(arm_librdimon_a-syscalls.o)
                0x08002c5c                _swiclose
 .text._close   0x08002c94       0x88 /Users/nahl/toolchains/arm-gnu-toolchain-12.2.mpacbti-rel1-darwin-x86_64-arm-none-eabi/bin/../lib/gcc/arm-none-eabi/12.2.1/../../../../arm-none-eabi/lib/thumb/v7e-m/nofp/librdimon.a(arm_librdimon_a-syscalls.o)
                0x08002c94                _close
 .text._getpid  0x08002d1c        0x4 /Users/nahl/toolchains/arm-gnu-toolchain-12.2.mpacbti-rel1-darwin-x86_64-arm-none-eabi/bin/../lib/gcc/arm-none-eabi/12.2.1/../../../../arm-none-eabi/lib/thumb/v7e-m/nofp/librdimon.a(arm_librdimon_a-syscalls.o)
                0x08002d1c                _getpid
 .text._sbrk    0x08002d20       0x48 /Users/nahl/toolchains/arm-gnu-toolchain-12.2.mpacbti-rel1-darwin-x86_64-arm-none-eabi/bin/../lib/gcc/arm-none-eabi/12.2.1/../../../../arm-none-eabi/lib/thumb/v7e-m/nofp/librdimon.a(arm_librdimon_a-syscalls.o)
                0x08002d20                _sbrk
 .text._swistat
                0x08002d68       0x7c /Users/nahl/toolchains/arm-gnu-toolchain-12.2.mpacbti-rel1-darwin-x86_64-arm-none-eabi/bin/../lib/gcc/arm-none-eabi/12.2.1/../../../../arm-none-eabi/lib/thumb/v7e-m/nofp/librdimon.a(arm_librdimon_a-syscalls.o)
                0x08002d68                _swistat
 .text._fstat   0x08002de4       0x1c /Users/nahl/toolchains/arm-gnu-toolchain-12.2.mpacbti-rel1-darwin-x86_64-arm-none-eabi/bin/../lib/gcc/arm-none-eabi/12.2.1/../../../../arm-none-eabi/lib/thumb/v7e-m/nofp/librdimon.a(arm_librdimon_a-syscalls.o)
                0x08002de4                _fstat
 .text._stat    0x08002e00       0x3c /Users/nahl/toolchains/arm-gnu-toolchain-12.2.mpacbti-rel1-darwin-x86_64-arm-none-eabi/bin/../lib/gcc/arm-none-eabi/12.2.1/../../../../arm-none-eabi/lib/thumb/v7e-m/nofp/librdimon.a(arm_librdimon_a-syscalls.o)
                0x08002e00                _stat
 .text._swiopen
                0x08002e3c       0xc8 /Users/nahl/toolchains/arm-gnu-toolchain-12.2.mpacbti-rel1-darwin-x86_64-arm-none-eabi/bin/../lib/gcc/arm-none-eabi/12.2.1/../../../../arm-none-eabi/lib/thumb/v7e-m/nofp/librdimon.a(arm_librdimon_a-syscalls.o)
                0x08002e3c                _swiopen
 .text._open    0x08002f04       0x14 /Users/nahl/toolchains/arm-gnu-toolchain-12.2.mpacbti-rel1-darwin-x86_64-arm-none-eabi/bin/../lib/gcc/arm-none-eabi/12.2.1/../../../../arm-none-eabi/lib/thumb/v7e-m/nofp/librdimon.a(arm_librdimon_a-syscalls.o)
                0x08002f04                _open
 .text._get_semihosting_exts
                0x08002f18      0x104 /Users/nahl/toolchains/arm-gnu-toolchain-12.2.mpacbti-rel1-darwin-x86_64-arm-none-eabi/bin/../lib/gcc/arm-none-eabi/12.2.1/../../../../arm-none-eabi/lib/thumb/v7e-m/nofp/librdimon.a(arm_librdimon_a-syscalls.o)
                0x08002f18                _get_semihosting_exts
 .text._has_ext_exit_extended
                0x0800301c       0x48 /Users/nahl/toolchains/arm-gnu-toolchain-12.2.mpacbti-rel1-darwin-x86_64-arm-none-eabi/bin/../lib/gcc/arm-none-eabi/12.2.1/../../../../arm-none-eabi/lib/thumb/v7e-m/nofp/librdimon.a(arm_librdimon_a-syscalls.o)
                0x0800301c                _has_ext_exit_extended
 .text._has_ext_stdout_stderr
                0x08003064       0x48 /Users/nahl/toolchains/arm-gnu-toolchain-12.2.mpacbti-rel1-darwin-x86_64-arm-none-eabi/bin/../lib/gcc/arm-none-eabi/12.2.1/../../../../arm-none-eabi/lib/thumb/v7e-m/nofp/librdimon.a(arm_librdimon_a-syscalls.o)
                0x08003064                _has_ext_stdout_stderr
 .text.initialise_monitor_handles
                0x080030ac      0x158 /Users/nahl/toolchains/arm-gnu-toolchain-12.2.mpacbti-rel1-darwin-x86_64-arm-none-eabi/bin/../lib/gcc/arm-none-eabi/12.2.1/../../../../arm-none-eabi/lib/thumb/v7e-m/nofp/librdimon.a(arm_librdimon_a-syscalls.o)
                0x080030ac                initialise_monitor_handles
 .text._link    0x08003204       0x10 /Users/nahl/toolchains/arm-gnu-toolchain-12.2.mpacbti-rel1-darwin-x86_64-arm-none-eabi/bin/../lib/gcc/arm-none-eabi/12.2.1/../../../../arm-none-eabi/lib/thumb/v7e-m/nofp/librdimon.a(arm_librdimon_a-syscalls.o)
                0x08003204                _link
 .text._unlink  0x08003214       0x40 /Users/nahl/toolchains/arm-gnu-toolchain-12.2.mpacbti-rel1-darwin-x86_64-arm-none-eabi/bin/../lib/gcc/arm-none-eabi/12.2.1/../../../../arm-none-eabi/lib/thumb/v7e-m/nofp/librdimon.a(arm_librdimon_a-syscalls.o)
                0x08003214                _unlink
 .text._gettimeofday
                0x08003254       0x28 /Users/nahl/toolchains/arm-gnu-toolchain-12.2.mpacbti-rel1-darwin-x86_64-arm-none-eabi/bin/../lib/gcc/arm-none-eabi/12.2.1/../../../../arm-none-eabi/lib/thumb/v7e-m/nofp/librdimon.a(arm_librdimon_a-syscalls.o)
                0x08003254                _gettimeofday
 .text._clock   0x0800327c       0x14 /Users/nahl/toolchains/arm-gnu-toolchain-12.2.mpacbti-rel1-darwin-x86_64-arm-none-eabi/bin/../lib/gcc/arm-none-eabi/12.2.1/../../../../arm-none-eabi/lib/thumb/v7e-m/nofp/librdimon.a(arm_librdimon_a-syscalls.o)
                0x0800327c                _clock
 .text._times   0x08003290       0x20 /Users/nahl/toolchains/arm-gnu-toolchain-12.2.mpacbti-rel1-darwin-x86_64-arm-none-eabi/bin/../lib/gcc/arm-none-eabi/12.2.1/../../../../arm-none-eabi/lib/thumb/v7e-m/nofp/librdimon.a(arm_librdimon_a-syscalls.o)
                0x08003290                _times
 .text._isatty  0x080032b0       0x64 /Users/nahl/toolchains/arm-gnu-toolchain-12.2.mpacbti-rel1-darwin-x86_64-arm-none-eabi/bin/../lib/gcc/arm-none-eabi/12.2.1/../../../../arm-none-eabi/lib/thumb/v7e-m/nofp/librdimon.a(arm_librdimon_a-syscalls.o)
                0x080032b0                _isatty
 .text._system  0x08003314       0x58 /Users/nahl/toolchains/arm-gnu-toolchain-12.2.mpacbti-rel1-darwin-x86_64-arm-none-eabi/bin/../lib/gcc/arm-none-eabi/12.2.1/../../../../arm-none-eabi/lib/thumb/v7e-m/nofp/librdimon.a(arm_librdimon_a-syscalls.o)
                0x08003314                _system
 .text._rename  0x0800336c       0x54 /Users/nahl/toolchains/arm-gnu-toolchain-12.2.mpacbti-rel1-darwin-x86_64-arm-none-eabi/bin/../lib/gcc/arm-none-eabi/12.2.1/../../../../arm-none-eabi/lib/thumb/v7e-m/nofp/librdimon.a(arm_librdimon_a-syscalls.o)
                0x0800336c                _rename
 *(.init)
 .init          0x080033c0        0x4 /Users/nahl/toolchains/arm-gnu-toolchain-12.2.mpacbti-rel1-darwin-x86_64-arm-none-eabi/bin/../lib/gcc/arm-none-eabi/12.2.1/thumb/v7e-m/nofp/crti.o
                0x080033c0                _init
 .init          0x080033c4        0x8 /Users/nahl/toolchains/arm-gnu-toolchain-12.2.mpacbti-rel1-darwin-x86_64-arm-none-eabi/bin/../lib/gcc/arm-none-eabi/12.2.1/thumb/v7e-m/nofp/crtn.o
 *(.fini)
 .fini          0x080033cc        0x4 /Users/nahl/toolchains/arm-gnu-toolchain-12.2.mpacbti-rel1-darwin-x86_64-arm-none-eabi/bin/../lib/gcc/arm-none-eabi/12.2.1/thumb/v7e-m/nofp/crti.o
                0x080033cc                _fini
 .fini          0x080033d0        0x8 /Users/nahl/toolchains/arm-gnu-toolchain-12.2.mpacbti-rel1-darwin-x86_64-arm-none-eabi/bin/../lib/gcc/arm-none-eabi/12.2.1/thumb/v7e-m/nofp/crtn.o
 *(.rodata)
 .rodata        0x080033d8       0xc9 main.o
                0x080033d8                const_v_1
                0x080033dc                const_v_2
                0x080033e0                const_v_3
 *(.rodata.*)
 *fill*         0x080034a1        0x3 
 .rodata.all_implied_fbits
                0x080034a4       0x24 /Users/nahl/toolchains/arm-gnu-toolchain-12.2.mpacbti-rel1-darwin-x86_64-arm-none-eabi/bin/../lib/gcc/arm-none-eabi/12.2.1/thumb/v7e-m/nofp/crtbegin.o
 .rodata._puts_r.str1.4
                0x080034c8        0x2 /Users/nahl/toolchains/arm-gnu-toolchain-12.2.mpacbti-rel1-darwin-x86_64-arm-none-eabi/bin/../lib/gcc/arm-none-eabi/12.2.1/../../../../arm-none-eabi/lib/thumb/v7e-m/nofp/libc.a(libc_a-puts.o)
 *fill*         0x080034ca        0x2 
 .rodata._get_semihosting_exts.str1.4
                0x080034cc       0x16 /Users/nahl/toolchains/arm-gnu-toolchain-12.2.mpacbti-rel1-darwin-x86_64-arm-none-eabi/bin/../lib/gcc/arm-none-eabi/12.2.1/../../../../arm-none-eabi/lib/thumb/v7e-m/nofp/librdimon.a(arm_librdimon_a-syscalls.o)
 *fill*         0x080034e2        0x2 
 .rodata.initialise_monitor_handles.str1.4
                0x080034e4        0x4 /Users/nahl/toolchains/arm-gnu-toolchain-12.2.mpacbti-rel1-darwin-x86_64-arm-none-eabi/bin/../lib/gcc/arm-none-eabi/12.2.1/../../../../arm-none-eabi/lib/thumb/v7e-m/nofp/librdimon.a(arm_librdimon_a-syscalls.o)
 .rodata.all_implied_fbits
                0x080034e8       0x24 /Users/nahl/toolchains/arm-gnu-toolchain-12.2.mpacbti-rel1-darwin-x86_64-arm-none-eabi/bin/../lib/gcc/arm-none-eabi/12.2.1/thumb/v7e-m/nofp/crtend.o
                0x0800350c                        . = ALIGN (0x4)
                0x0800350c                        _etext = .
                0x080035a0                        _la_data = LOADADDR (.data)

.glue_7         0x0800350c        0x0
 .glue_7        0x0800350c        0x0 linker stubs

.glue_7t        0x0800350c        0x0
 .glue_7t       0x0800350c        0x0 linker stubs

.vfp11_veneer   0x0800350c        0x0
 .vfp11_veneer  0x0800350c        0x0 linker stubs

.v4_bx          0x0800350c        0x0
 .v4_bx         0x0800350c        0x0 linker stubs

.iplt           0x0800350c        0x0
 .iplt          0x0800350c        0x0 /Users/nahl/toolchains/arm-gnu-toolchain-12.2.mpacbti-rel1-darwin-x86_64-arm-none-eabi/bin/../lib/gcc/arm-none-eabi/12.2.1/thumb/v7e-m/nofp/crtbegin.o

.eh_frame       0x0800350c       0x8c
 .eh_frame      0x0800350c        0x0 /Users/nahl/toolchains/arm-gnu-toolchain-12.2.mpacbti-rel1-darwin-x86_64-arm-none-eabi/bin/../lib/gcc/arm-none-eabi/12.2.1/thumb/v7e-m/nofp/crtbegin.o
 .eh_frame      0x0800350c       0x50 /Users/nahl/toolchains/arm-gnu-toolchain-12.2.mpacbti-rel1-darwin-x86_64-arm-none-eabi/bin/../lib/gcc/arm-none-eabi/12.2.1/../../../../arm-none-eabi/lib/thumb/v7e-m/nofp/libc.a(libc_a-memchr.o)
 .eh_frame      0x0800355c       0x18 /Users/nahl/toolchains/arm-gnu-toolchain-12.2.mpacbti-rel1-darwin-x86_64-arm-none-eabi/bin/../lib/gcc/arm-none-eabi/12.2.1/../../../../arm-none-eabi/lib/thumb/v7e-m/nofp/libc.a(libc_a-memcpy.o)
                                 0x2c (size before relaxing)
 .eh_frame      0x08003574       0x20 /Users/nahl/toolchains/arm-gnu-toolchain-12.2.mpacbti-rel1-darwin-x86_64-arm-none-eabi/bin/../lib/gcc/arm-none-eabi/12.2.1/../../../../arm-none-eabi/lib/thumb/v7e-m/nofp/libc.a(libc_a-strlen.o)
                                 0x34 (size before relaxing)
 .eh_frame      0x08003594        0x4 /Users/nahl/toolchains/arm-gnu-toolchain-12.2.mpacbti-rel1-darwin-x86_64-arm-none-eabi/bin/../lib/gcc/arm-none-eabi/12.2.1/thumb/v7e-m/nofp/crtend.o

.ARM.extab      0x08003598        0x0
 .ARM.extab     0x08003598        0x0 /Users/nahl/toolchains/arm-gnu-toolchain-12.2.mpacbti-rel1-darwin-x86_64-arm-none-eabi/bin/../lib/gcc/arm-none-eabi/12.2.1/../../../../arm-none-eabi/lib/thumb/v7e-m/nofp/rdimon-crt0.o
 .ARM.extab     0x08003598        0x0 /Users/nahl/toolchains/arm-gnu-toolchain-12.2.mpacbti-rel1-darwin-x86_64-arm-none-eabi/bin/../lib/gcc/arm-none-eabi/12.2.1/../../../../arm-none-eabi/lib/thumb/v7e-m/nofp/libc.a(libc_a-memchr.o)
 .ARM.extab     0x08003598        0x0 /Users/nahl/toolchains/arm-gnu-toolchain-12.2.mpacbti-rel1-darwin-x86_64-arm-none-eabi/bin/../lib/gcc/arm-none-eabi/12.2.1/../../../../arm-none-eabi/lib/thumb/v7e-m/nofp/libc.a(libc_a-memcpy.o)
 .ARM.extab     0x08003598        0x0 /Users/nahl/toolchains/arm-gnu-toolchain-12.2.mpacbti-rel1-darwin-x86_64-arm-none-eabi/bin/../lib/gcc/arm-none-eabi/12.2.1/../../../../arm-none-eabi/lib/thumb/v7e-m/nofp/libc.a(libc_a-strlen.o)

.ARM.exidx      0x08003598        0x8
 .ARM.exidx     0x08003598        0x8 /Users/nahl/toolchains/arm-gnu-toolchain-12.2.mpacbti-rel1-darwin-x86_64-arm-none-eabi/bin/../lib/gcc/arm-none-eabi/12.2.1/../../../../arm-none-eabi/lib/thumb/v7e-m/nofp/rdimon-crt0.o
                                 0x10 (size before relaxing)
 .ARM.exidx     0x080035a0        0x0 /Users/nahl/toolchains/arm-gnu-toolchain-12.2.mpacbti-rel1-darwin-x86_64-arm-none-eabi/bin/../lib/gcc/arm-none-eabi/12.2.1/../../../../arm-none-eabi/lib/thumb/v7e-m/nofp/libc.a(libc_a-memchr.o)
                                  0x8 (size before relaxing)
 .ARM.exidx     0x080035a0        0x0 /Users/nahl/toolchains/arm-gnu-toolchain-12.2.mpacbti-rel1-darwin-x86_64-arm-none-eabi/bin/../lib/gcc/arm-none-eabi/12.2.1/../../../../arm-none-eabi/lib/thumb/v7e-m/nofp/libc.a(libc_a-memcpy.o)
                                  0x8 (size before relaxing)
 .ARM.exidx     0x080035a0        0x0 /Users/nahl/toolchains/arm-gnu-toolchain-12.2.mpacbti-rel1-darwin-x86_64-arm-none-eabi/bin/../lib/gcc/arm-none-eabi/12.2.1/../../../../arm-none-eabi/lib/thumb/v7e-m/nofp/libc.a(libc_a-strlen.o)
                                  0x8 (size before relaxing)

.rel.dyn        0x080035a0        0x0
 .rel.iplt      0x080035a0        0x0 /Users/nahl/toolchains/arm-gnu-toolchain-12.2.mpacbti-rel1-darwin-x86_64-arm-none-eabi/bin/../lib/gcc/arm-none-eabi/12.2.1/thumb/v7e-m/nofp/crtbegin.o

.data           0x20000000      0x674 load address 0x080035a0
                0x20000000                        _sdata = .
 *(.data)
 .data          0x20000000        0x0 /Users/nahl/toolchains/arm-gnu-toolchain-12.2.mpacbti-rel1-darwin-x86_64-arm-none-eabi/bin/../lib/gcc/arm-none-eabi/12.2.1/thumb/v7e-m/nofp/crti.o
 .data          0x20000000        0x0 /Users/nahl/toolchains/arm-gnu-toolchain-12.2.mpacbti-rel1-darwin-x86_64-arm-none-eabi/bin/../lib/gcc/arm-none-eabi/12.2.1/thumb/v7e-m/nofp/crtbegin.o
 .data          0x20000000      0x118 /Users/nahl/toolchains/arm-gnu-toolchain-12.2.mpacbti-rel1-darwin-x86_64-arm-none-eabi/bin/../lib/gcc/arm-none-eabi/12.2.1/../../../../arm-none-eabi/lib/thumb/v7e-m/nofp/rdimon-crt0.o
                0x20000008                __stack_base__
 .data          0x20000118        0x1 main.o
                0x20000118                current_task
 .data          0x20000119        0x0 led.o
 .data          0x20000119        0x0 stm32_startup.o
 .data          0x20000119        0x0 /Users/nahl/toolchains/arm-gnu-toolchain-12.2.mpacbti-rel1-darwin-x86_64-arm-none-eabi/bin/../lib/gcc/arm-none-eabi/12.2.1/../../../../arm-none-eabi/lib/thumb/v7e-m/nofp/libc.a(libc_a-exit.o)
 .data          0x20000119        0x0 /Users/nahl/toolchains/arm-gnu-toolchain-12.2.mpacbti-rel1-darwin-x86_64-arm-none-eabi/bin/../lib/gcc/arm-none-eabi/12.2.1/../../../../arm-none-eabi/lib/thumb/v7e-m/nofp/libc.a(libc_a-puts.o)
 .data          0x20000119        0x0 /Users/nahl/toolchains/arm-gnu-toolchain-12.2.mpacbti-rel1-darwin-x86_64-arm-none-eabi/bin/../lib/gcc/arm-none-eabi/12.2.1/../../../../arm-none-eabi/lib/thumb/v7e-m/nofp/libc.a(libc_a-findfp.o)
 .data          0x20000119        0x0 /Users/nahl/toolchains/arm-gnu-toolchain-12.2.mpacbti-rel1-darwin-x86_64-arm-none-eabi/bin/../lib/gcc/arm-none-eabi/12.2.1/../../../../arm-none-eabi/lib/thumb/v7e-m/nofp/libc.a(libc_a-fvwrite.o)
 .data          0x20000119        0x0 /Users/nahl/toolchains/arm-gnu-toolchain-12.2.mpacbti-rel1-darwin-x86_64-arm-none-eabi/bin/../lib/gcc/arm-none-eabi/12.2.1/../../../../arm-none-eabi/lib/thumb/v7e-m/nofp/libc.a(libc_a-fwalk.o)
 .data          0x20000119        0x0 /Users/nahl/toolchains/arm-gnu-toolchain-12.2.mpacbti-rel1-darwin-x86_64-arm-none-eabi/bin/../lib/gcc/arm-none-eabi/12.2.1/../../../../arm-none-eabi/lib/thumb/v7e-m/nofp/libc.a(libc_a-wsetup.o)
 .data          0x20000119        0x0 /Users/nahl/toolchains/arm-gnu-toolchain-12.2.mpacbti-rel1-darwin-x86_64-arm-none-eabi/bin/../lib/gcc/arm-none-eabi/12.2.1/../../../../arm-none-eabi/lib/thumb/v7e-m/nofp/libc.a(libc_a-memmove.o)
 .data          0x20000119        0x0 /Users/nahl/toolchains/arm-gnu-toolchain-12.2.mpacbti-rel1-darwin-x86_64-arm-none-eabi/bin/../lib/gcc/arm-none-eabi/12.2.1/../../../../arm-none-eabi/lib/thumb/v7e-m/nofp/libc.a(libc_a-memset.o)
 .data          0x20000119        0x0 /Users/nahl/toolchains/arm-gnu-toolchain-12.2.mpacbti-rel1-darwin-x86_64-arm-none-eabi/bin/../lib/gcc/arm-none-eabi/12.2.1/../../../../arm-none-eabi/lib/thumb/v7e-m/nofp/libc.a(libc_a-impure.o)
 .data          0x20000119        0x0 /Users/nahl/toolchains/arm-gnu-toolchain-12.2.mpacbti-rel1-darwin-x86_64-arm-none-eabi/bin/../lib/gcc/arm-none-eabi/12.2.1/../../../../arm-none-eabi/lib/thumb/v7e-m/nofp/libc.a(libc_a-init.o)
 .data          0x20000119        0x0 /Users/nahl/toolchains/arm-gnu-toolchain-12.2.mpacbti-rel1-darwin-x86_64-arm-none-eabi/bin/../lib/gcc/arm-none-eabi/12.2.1/../../../../arm-none-eabi/lib/thumb/v7e-m/nofp/libc.a(libc_a-lock.o)
 .data          0x20000119        0x0 /Users/nahl/toolchains/arm-gnu-toolchain-12.2.mpacbti-rel1-darwin-x86_64-arm-none-eabi/bin/../lib/gcc/arm-none-eabi/12.2.1/../../../../arm-none-eabi/lib/thumb/v7e-m/nofp/libc.a(libc_a-memchr.o)
 .data          0x20000119        0x0 /Users/nahl/toolchains/arm-gnu-toolchain-12.2.mpacbti-rel1-darwin-x86_64-arm-none-eabi/bin/../lib/gcc/arm-none-eabi/12.2.1/../../../../arm-none-eabi/lib/thumb/v7e-m/nofp/libc.a(libc_a-memcpy.o)
 .data          0x20000119        0x0 /Users/nahl/toolchains/arm-gnu-toolchain-12.2.mpacbti-rel1-darwin-x86_64-arm-none-eabi/bin/../lib/gcc/arm-none-eabi/12.2.1/../../../../arm-none-eabi/lib/thumb/v7e-m/nofp/libc.a(libc_a-strlen.o)
 .data          0x20000119        0x0 /Users/nahl/toolchains/arm-gnu-toolchain-12.2.mpacbti-rel1-darwin-x86_64-arm-none-eabi/bin/../lib/gcc/arm-none-eabi/12.2.1/../../../../arm-none-eabi/lib/thumb/v7e-m/nofp/libc.a(libc_a-__call_atexit.o)
 .data          0x20000119        0x0 /Users/nahl/toolchains/arm-gnu-toolchain-12.2.mpacbti-rel1-darwin-x86_64-arm-none-eabi/bin/../lib/gcc/arm-none-eabi/12.2.1/../../../../arm-none-eabi/lib/thumb/v7e-m/nofp/libc.a(libc_a-atexit.o)
 .data          0x20000119        0x0 /Users/nahl/toolchains/arm-gnu-toolchain-12.2.mpacbti-rel1-darwin-x86_64-arm-none-eabi/bin/../lib/gcc/arm-none-eabi/12.2.1/../../../../arm-none-eabi/lib/thumb/v7e-m/nofp/libc.a(libc_a-freer.o)
 .data          0x20000119        0x0 /Users/nahl/toolchains/arm-gnu-toolchain-12.2.mpacbti-rel1-darwin-x86_64-arm-none-eabi/bin/../lib/gcc/arm-none-eabi/12.2.1/../../../../arm-none-eabi/lib/thumb/v7e-m/nofp/libc.a(libc_a-mallocr.o)
 .data          0x20000119        0x0 /Users/nahl/toolchains/arm-gnu-toolchain-12.2.mpacbti-rel1-darwin-x86_64-arm-none-eabi/bin/../lib/gcc/arm-none-eabi/12.2.1/../../../../arm-none-eabi/lib/thumb/v7e-m/nofp/libc.a(libc_a-makebuf.o)
 .data          0x20000119        0x0 /Users/nahl/toolchains/arm-gnu-toolchain-12.2.mpacbti-rel1-darwin-x86_64-arm-none-eabi/bin/../lib/gcc/arm-none-eabi/12.2.1/../../../../arm-none-eabi/lib/thumb/v7e-m/nofp/libc.a(libc_a-mlock.o)
 .data          0x20000119        0x0 /Users/nahl/toolchains/arm-gnu-toolchain-12.2.mpacbti-rel1-darwin-x86_64-arm-none-eabi/bin/../lib/gcc/arm-none-eabi/12.2.1/../../../../arm-none-eabi/lib/thumb/v7e-m/nofp/libc.a(libc_a-fclose.o)
 .data          0x20000119        0x0 /Users/nahl/toolchains/arm-gnu-toolchain-12.2.mpacbti-rel1-darwin-x86_64-arm-none-eabi/bin/../lib/gcc/arm-none-eabi/12.2.1/../../../../arm-none-eabi/lib/thumb/v7e-m/nofp/libc.a(libc_a-reallocr.o)
 .data          0x20000119        0x0 /Users/nahl/toolchains/arm-gnu-toolchain-12.2.mpacbti-rel1-darwin-x86_64-arm-none-eabi/bin/../lib/gcc/arm-none-eabi/12.2.1/../../../../arm-none-eabi/lib/thumb/v7e-m/nofp/libc.a(libc_a-fflush.o)
 .data          0x20000119        0x0 /Users/nahl/toolchains/arm-gnu-toolchain-12.2.mpacbti-rel1-darwin-x86_64-arm-none-eabi/bin/../lib/gcc/arm-none-eabi/12.2.1/../../../../arm-none-eabi/lib/thumb/v7e-m/nofp/libc.a(libc_a-stdio.o)
 .data          0x20000119        0x0 /Users/nahl/toolchains/arm-gnu-toolchain-12.2.mpacbti-rel1-darwin-x86_64-arm-none-eabi/bin/../lib/gcc/arm-none-eabi/12.2.1/../../../../arm-none-eabi/lib/thumb/v7e-m/nofp/libc.a(libc_a-closer.o)
 .data          0x20000119        0x0 /Users/nahl/toolchains/arm-gnu-toolchain-12.2.mpacbti-rel1-darwin-x86_64-arm-none-eabi/bin/../lib/gcc/arm-none-eabi/12.2.1/../../../../arm-none-eabi/lib/thumb/v7e-m/nofp/libc.a(libc_a-reent.o)
 .data          0x20000119        0x0 /Users/nahl/toolchains/arm-gnu-toolchain-12.2.mpacbti-rel1-darwin-x86_64-arm-none-eabi/bin/../lib/gcc/arm-none-eabi/12.2.1/../../../../arm-none-eabi/lib/thumb/v7e-m/nofp/libc.a(libc_a-fstatr.o)
 .data          0x20000119        0x0 /Users/nahl/toolchains/arm-gnu-toolchain-12.2.mpacbti-rel1-darwin-x86_64-arm-none-eabi/bin/../lib/gcc/arm-none-eabi/12.2.1/../../../../arm-none-eabi/lib/thumb/v7e-m/nofp/libc.a(libc_a-isattyr.o)
 .data          0x20000119        0x0 /Users/nahl/toolchains/arm-gnu-toolchain-12.2.mpacbti-rel1-darwin-x86_64-arm-none-eabi/bin/../lib/gcc/arm-none-eabi/12.2.1/../../../../arm-none-eabi/lib/thumb/v7e-m/nofp/libc.a(libc_a-lseekr.o)
 .data          0x20000119        0x0 /Users/nahl/toolchains/arm-gnu-toolchain-12.2.mpacbti-rel1-darwin-x86_64-arm-none-eabi/bin/../lib/gcc/arm-none-eabi/12.2.1/../../../../arm-none-eabi/lib/thumb/v7e-m/nofp/libc.a(libc_a-readr.o)
 .data          0x20000119        0x0 /Users/nahl/toolchains/arm-gnu-toolchain-12.2.mpacbti-rel1-darwin-x86_64-arm-none-eabi/bin/../lib/gcc/arm-none-eabi/12.2.1/../../../../arm-none-eabi/lib/thumb/v7e-m/nofp/libc.a(libc_a-sbrkr.o)
 .data          0x20000119        0x0 /Users/nahl/toolchains/arm-gnu-toolchain-12.2.mpacbti-rel1-darwin-x86_64-arm-none-eabi/bin/../lib/gcc/arm-none-eabi/12.2.1/../../../../arm-none-eabi/lib/thumb/v7e-m/nofp/libc.a(libc_a-writer.o)
 .data          0x20000119        0x0 /Users/nahl/toolchains/arm-gnu-toolchain-12.2.mpacbti-rel1-darwin-x86_64-arm-none-eabi/bin/../lib/gcc/arm-none-eabi/12.2.1/../../../../arm-none-eabi/lib/thumb/v7e-m/nofp/libc.a(libc_a-sysconf.o)
 .data          0x20000119        0x0 /Users/nahl/toolchains/arm-gnu-toolchain-12.2.mpacbti-rel1-darwin-x86_64-arm-none-eabi/bin/../lib/gcc/arm-none-eabi/12.2.1/../../../../arm-none-eabi/lib/thumb/v7e-m/nofp/libc.a(libc_a-fini.o)
 .data          0x20000119        0x0 /Users/nahl/toolchains/arm-gnu-toolchain-12.2.mpacbti-rel1-darwin-x86_64-arm-none-eabi/bin/../lib/gcc/arm-none-eabi/12.2.1/../../../../arm-none-eabi/lib/thumb/v7e-m/nofp/libc.a(libc_a-__atexit.o)
 .data          0x20000119        0x0 /Users/nahl/toolchains/arm-gnu-toolchain-12.2.mpacbti-rel1-darwin-x86_64-arm-none-eabi/bin/../lib/gcc/arm-none-eabi/12.2.1/../../../../arm-none-eabi/lib/thumb/v7e-m/nofp/libc.a(libc_a-errno.o)
 .data          0x20000119        0x0 /Users/nahl/toolchains/arm-gnu-toolchain-12.2.mpacbti-rel1-darwin-x86_64-arm-none-eabi/bin/../lib/gcc/arm-none-eabi/12.2.1/../../../../arm-none-eabi/lib/thumb/v7e-m/nofp/librdimon.a(arm_librdimon_a-_exit.o)
 .data          0x20000119        0x0 /Users/nahl/toolchains/arm-gnu-toolchain-12.2.mpacbti-rel1-darwin-x86_64-arm-none-eabi/bin/../lib/gcc/arm-none-eabi/12.2.1/../../../../arm-none-eabi/lib/thumb/v7e-m/nofp/librdimon.a(arm_librdimon_a-_kill.o)
 .data          0x20000119        0x0 /Users/nahl/toolchains/arm-gnu-toolchain-12.2.mpacbti-rel1-darwin-x86_64-arm-none-eabi/bin/../lib/gcc/arm-none-eabi/12.2.1/../../../../arm-none-eabi/lib/thumb/v7e-m/nofp/librdimon.a(arm_librdimon_a-syscalls.o)
 .data          0x20000119        0x0 /Users/nahl/toolchains/arm-gnu-toolchain-12.2.mpacbti-rel1-darwin-x86_64-arm-none-eabi/bin/../lib/gcc/arm-none-eabi/12.2.1/thumb/v7e-m/nofp/crtend.o
 .data          0x20000119        0x0 /Users/nahl/toolchains/arm-gnu-toolchain-12.2.mpacbti-rel1-darwin-x86_64-arm-none-eabi/bin/../lib/gcc/arm-none-eabi/12.2.1/thumb/v7e-m/nofp/crtn.o
 *(.data.*)
 *fill*         0x20000119        0x3 
 .data.__dso_handle
                0x2000011c        0x4 /Users/nahl/toolchains/arm-gnu-toolchain-12.2.mpacbti-rel1-darwin-x86_64-arm-none-eabi/bin/../lib/gcc/arm-none-eabi/12.2.1/thumb/v7e-m/nofp/crtbegin.o
                0x2000011c                __dso_handle
 .data.__sglue  0x20000120        0xc /Users/nahl/toolchains/arm-gnu-toolchain-12.2.mpacbti-rel1-darwin-x86_64-arm-none-eabi/bin/../lib/gcc/arm-none-eabi/12.2.1/../../../../arm-none-eabi/lib/thumb/v7e-m/nofp/libc.a(libc_a-findfp.o)
                0x20000120                __sglue
 .data._impure_ptr
                0x2000012c        0x4 /Users/nahl/toolchains/arm-gnu-toolchain-12.2.mpacbti-rel1-darwin-x86_64-arm-none-eabi/bin/../lib/gcc/arm-none-eabi/12.2.1/../../../../arm-none-eabi/lib/thumb/v7e-m/nofp/libc.a(libc_a-impure.o)
                0x2000012c                _impure_ptr
 .data._impure_data
                0x20000130      0x120 /Users/nahl/toolchains/arm-gnu-toolchain-12.2.mpacbti-rel1-darwin-x86_64-arm-none-eabi/bin/../lib/gcc/arm-none-eabi/12.2.1/../../../../arm-none-eabi/lib/thumb/v7e-m/nofp/libc.a(libc_a-impure.o)
                0x20000130                _impure_data
 .data.__atexit_recursive_mutex
                0x20000250        0x4 /Users/nahl/toolchains/arm-gnu-toolchain-12.2.mpacbti-rel1-darwin-x86_64-arm-none-eabi/bin/../lib/gcc/arm-none-eabi/12.2.1/../../../../arm-none-eabi/lib/thumb/v7e-m/nofp/libc.a(libc_a-__call_atexit.o)
                0x20000250                __atexit_recursive_mutex
 .data.__malloc_sbrk_base
                0x20000254        0x4 /Users/nahl/toolchains/arm-gnu-toolchain-12.2.mpacbti-rel1-darwin-x86_64-arm-none-eabi/bin/../lib/gcc/arm-none-eabi/12.2.1/../../../../arm-none-eabi/lib/thumb/v7e-m/nofp/libc.a(libc_a-mallocr.o)
                0x20000254                __malloc_sbrk_base
 .data.__malloc_trim_threshold
                0x20000258        0x4 /Users/nahl/toolchains/arm-gnu-toolchain-12.2.mpacbti-rel1-darwin-x86_64-arm-none-eabi/bin/../lib/gcc/arm-none-eabi/12.2.1/../../../../arm-none-eabi/lib/thumb/v7e-m/nofp/libc.a(libc_a-mallocr.o)
                0x20000258                __malloc_trim_threshold
 *fill*         0x2000025c        0x4 
 .data.__malloc_av_
                0x20000260      0x408 /Users/nahl/toolchains/arm-gnu-toolchain-12.2.mpacbti-rel1-darwin-x86_64-arm-none-eabi/bin/../lib/gcc/arm-none-eabi/12.2.1/../../../../arm-none-eabi/lib/thumb/v7e-m/nofp/libc.a(libc_a-mallocr.o)
                0x20000260                __malloc_av_
 .data.__heap_limit
                0x20000668        0x4 /Users/nahl/toolchains/arm-gnu-toolchain-12.2.mpacbti-rel1-darwin-x86_64-arm-none-eabi/bin/../lib/gcc/arm-none-eabi/12.2.1/../../../../arm-none-eabi/lib/thumb/v7e-m/nofp/librdimon.a(arm_librdimon_a-syscalls.o)
                0x20000668                __heap_limit
 .data.supports_ext_stdout_stderr
                0x2000066c        0x4 /Users/nahl/toolchains/arm-gnu-toolchain-12.2.mpacbti-rel1-darwin-x86_64-arm-none-eabi/bin/../lib/gcc/arm-none-eabi/12.2.1/../../../../arm-none-eabi/lib/thumb/v7e-m/nofp/librdimon.a(arm_librdimon_a-syscalls.o)
 .data.supports_ext_exit_extended
                0x20000670        0x4 /Users/nahl/toolchains/arm-gnu-toolchain-12.2.mpacbti-rel1-darwin-x86_64-arm-none-eabi/bin/../lib/gcc/arm-none-eabi/12.2.1/../../../../arm-none-eabi/lib/thumb/v7e-m/nofp/librdimon.a(arm_librdimon_a-syscalls.o)
                0x20000674                        . = ALIGN (0x4)
                0x20000674                        _edata = .

.init_array     0x20000674        0x4 load address 0x08003c14
 .init_array    0x20000674        0x4 /Users/nahl/toolchains/arm-gnu-toolchain-12.2.mpacbti-rel1-darwin-x86_64-arm-none-eabi/bin/../lib/gcc/arm-none-eabi/12.2.1/thumb/v7e-m/nofp/crtbegin.o

.fini_array     0x20000678        0x4 load address 0x08003c18
 .fini_array    0x20000678        0x4 /Users/nahl/toolchains/arm-gnu-toolchain-12.2.mpacbti-rel1-darwin-x86_64-arm-none-eabi/bin/../lib/gcc/arm-none-eabi/12.2.1/thumb/v7e-m/nofp/crtbegin.o

.tm_clone_table
                0x2000067c        0x0 load address 0x08003c1c
 .tm_clone_table
                0x2000067c        0x0 /Users/nahl/toolchains/arm-gnu-toolchain-12.2.mpacbti-rel1-darwin-x86_64-arm-none-eabi/bin/../lib/gcc/arm-none-eabi/12.2.1/thumb/v7e-m/nofp/crtbegin.o
 .tm_clone_table
                0x2000067c        0x0 /Users/nahl/toolchains/arm-gnu-toolchain-12.2.mpacbti-rel1-darwin-x86_64-arm-none-eabi/bin/../lib/gcc/arm-none-eabi/12.2.1/thumb/v7e-m/nofp/crtend.o

.igot.plt       0x2000067c        0x0 load address 0x08003c1c
 .igot.plt      0x2000067c        0x0 /Users/nahl/toolchains/arm-gnu-toolchain-12.2.mpacbti-rel1-darwin-x86_64-arm-none-eabi/bin/../lib/gcc/arm-none-eabi/12.2.1/thumb/v7e-m/nofp/crtbegin.o

.init_array.00000
                0x2000067c        0x4 load address 0x08003c1c
 .init_array.00000
                0x2000067c        0x4 /Users/nahl/toolchains/arm-gnu-toolchain-12.2.mpacbti-rel1-darwin-x86_64-arm-none-eabi/bin/../lib/gcc/arm-none-eabi/12.2.1/../../../../arm-none-eabi/lib/thumb/v7e-m/nofp/libc.a(libc_a-__call_atexit.o)

.bss            0x20000680      0x448 load address 0x08003c20
                0x20000680                        _sbss = .
                0x20000680                        __bss_start__ = _sbss
 *(.bss)
 .bss           0x20000680        0x0 /Users/nahl/toolchains/arm-gnu-toolchain-12.2.mpacbti-rel1-darwin-x86_64-arm-none-eabi/bin/../lib/gcc/arm-none-eabi/12.2.1/thumb/v7e-m/nofp/crti.o
 .bss           0x20000680        0x0 /Users/nahl/toolchains/arm-gnu-toolchain-12.2.mpacbti-rel1-darwin-x86_64-arm-none-eabi/bin/../lib/gcc/arm-none-eabi/12.2.1/thumb/v7e-m/nofp/crtbegin.o
 .bss           0x20000680        0x0 /Users/nahl/toolchains/arm-gnu-toolchain-12.2.mpacbti-rel1-darwin-x86_64-arm-none-eabi/bin/../lib/gcc/arm-none-eabi/12.2.1/../../../../arm-none-eabi/lib/thumb/v7e-m/nofp/rdimon-crt0.o
 .bss           0x20000680       0x54 main.o
                0x20000680                g_tick_count
                0x20000684                user_tasks
 .bss           0x200006d4        0x0 led.o
 .bss           0x200006d4        0x0 stm32_startup.o
 .bss           0x200006d4        0x0 /Users/nahl/toolchains/arm-gnu-toolchain-12.2.mpacbti-rel1-darwin-x86_64-arm-none-eabi/bin/../lib/gcc/arm-none-eabi/12.2.1/../../../../arm-none-eabi/lib/thumb/v7e-m/nofp/libc.a(libc_a-exit.o)
 .bss           0x200006d4        0x0 /Users/nahl/toolchains/arm-gnu-toolchain-12.2.mpacbti-rel1-darwin-x86_64-arm-none-eabi/bin/../lib/gcc/arm-none-eabi/12.2.1/../../../../arm-none-eabi/lib/thumb/v7e-m/nofp/libc.a(libc_a-puts.o)
 .bss           0x200006d4        0x0 /Users/nahl/toolchains/arm-gnu-toolchain-12.2.mpacbti-rel1-darwin-x86_64-arm-none-eabi/bin/../lib/gcc/arm-none-eabi/12.2.1/../../../../arm-none-eabi/lib/thumb/v7e-m/nofp/libc.a(libc_a-findfp.o)
 .bss           0x200006d4        0x0 /Users/nahl/toolchains/arm-gnu-toolchain-12.2.mpacbti-rel1-darwin-x86_64-arm-none-eabi/bin/../lib/gcc/arm-none-eabi/12.2.1/../../../../arm-none-eabi/lib/thumb/v7e-m/nofp/libc.a(libc_a-fvwrite.o)
 .bss           0x200006d4        0x0 /Users/nahl/toolchains/arm-gnu-toolchain-12.2.mpacbti-rel1-darwin-x86_64-arm-none-eabi/bin/../lib/gcc/arm-none-eabi/12.2.1/../../../../arm-none-eabi/lib/thumb/v7e-m/nofp/libc.a(libc_a-fwalk.o)
 .bss           0x200006d4        0x0 /Users/nahl/toolchains/arm-gnu-toolchain-12.2.mpacbti-rel1-darwin-x86_64-arm-none-eabi/bin/../lib/gcc/arm-none-eabi/12.2.1/../../../../arm-none-eabi/lib/thumb/v7e-m/nofp/libc.a(libc_a-wsetup.o)
 .bss           0x200006d4        0x0 /Users/nahl/toolchains/arm-gnu-toolchain-12.2.mpacbti-rel1-darwin-x86_64-arm-none-eabi/bin/../lib/gcc/arm-none-eabi/12.2.1/../../../../arm-none-eabi/lib/thumb/v7e-m/nofp/libc.a(libc_a-memmove.o)
 .bss           0x200006d4        0x0 /Users/nahl/toolchains/arm-gnu-toolchain-12.2.mpacbti-rel1-darwin-x86_64-arm-none-eabi/bin/../lib/gcc/arm-none-eabi/12.2.1/../../../../arm-none-eabi/lib/thumb/v7e-m/nofp/libc.a(libc_a-memset.o)
 .bss           0x200006d4        0x0 /Users/nahl/toolchains/arm-gnu-toolchain-12.2.mpacbti-rel1-darwin-x86_64-arm-none-eabi/bin/../lib/gcc/arm-none-eabi/12.2.1/../../../../arm-none-eabi/lib/thumb/v7e-m/nofp/libc.a(libc_a-impure.o)
 .bss           0x200006d4        0x0 /Users/nahl/toolchains/arm-gnu-toolchain-12.2.mpacbti-rel1-darwin-x86_64-arm-none-eabi/bin/../lib/gcc/arm-none-eabi/12.2.1/../../../../arm-none-eabi/lib/thumb/v7e-m/nofp/libc.a(libc_a-init.o)
 .bss           0x200006d4        0x0 /Users/nahl/toolchains/arm-gnu-toolchain-12.2.mpacbti-rel1-darwin-x86_64-arm-none-eabi/bin/../lib/gcc/arm-none-eabi/12.2.1/../../../../arm-none-eabi/lib/thumb/v7e-m/nofp/libc.a(libc_a-lock.o)
 .bss           0x200006d4        0x0 /Users/nahl/toolchains/arm-gnu-toolchain-12.2.mpacbti-rel1-darwin-x86_64-arm-none-eabi/bin/../lib/gcc/arm-none-eabi/12.2.1/../../../../arm-none-eabi/lib/thumb/v7e-m/nofp/libc.a(libc_a-memchr.o)
 .bss           0x200006d4        0x0 /Users/nahl/toolchains/arm-gnu-toolchain-12.2.mpacbti-rel1-darwin-x86_64-arm-none-eabi/bin/../lib/gcc/arm-none-eabi/12.2.1/../../../../arm-none-eabi/lib/thumb/v7e-m/nofp/libc.a(libc_a-memcpy.o)
 .bss           0x200006d4        0x0 /Users/nahl/toolchains/arm-gnu-toolchain-12.2.mpacbti-rel1-darwin-x86_64-arm-none-eabi/bin/../lib/gcc/arm-none-eabi/12.2.1/../../../../arm-none-eabi/lib/thumb/v7e-m/nofp/libc.a(libc_a-strlen.o)
 .bss           0x200006d4        0x0 /Users/nahl/toolchains/arm-gnu-toolchain-12.2.mpacbti-rel1-darwin-x86_64-arm-none-eabi/bin/../lib/gcc/arm-none-eabi/12.2.1/../../../../arm-none-eabi/lib/thumb/v7e-m/nofp/libc.a(libc_a-__call_atexit.o)
 .bss           0x200006d4        0x0 /Users/nahl/toolchains/arm-gnu-toolchain-12.2.mpacbti-rel1-darwin-x86_64-arm-none-eabi/bin/../lib/gcc/arm-none-eabi/12.2.1/../../../../arm-none-eabi/lib/thumb/v7e-m/nofp/libc.a(libc_a-atexit.o)
 .bss           0x200006d4        0x0 /Users/nahl/toolchains/arm-gnu-toolchain-12.2.mpacbti-rel1-darwin-x86_64-arm-none-eabi/bin/../lib/gcc/arm-none-eabi/12.2.1/../../../../arm-none-eabi/lib/thumb/v7e-m/nofp/libc.a(libc_a-freer.o)
 .bss           0x200006d4        0x0 /Users/nahl/toolchains/arm-gnu-toolchain-12.2.mpacbti-rel1-darwin-x86_64-arm-none-eabi/bin/../lib/gcc/arm-none-eabi/12.2.1/../../../../arm-none-eabi/lib/thumb/v7e-m/nofp/libc.a(libc_a-mallocr.o)
 .bss           0x200006d4        0x0 /Users/nahl/toolchains/arm-gnu-toolchain-12.2.mpacbti-rel1-darwin-x86_64-arm-none-eabi/bin/../lib/gcc/arm-none-eabi/12.2.1/../../../../arm-none-eabi/lib/thumb/v7e-m/nofp/libc.a(libc_a-makebuf.o)
 .bss           0x200006d4        0x0 /Users/nahl/toolchains/arm-gnu-toolchain-12.2.mpacbti-rel1-darwin-x86_64-arm-none-eabi/bin/../lib/gcc/arm-none-eabi/12.2.1/../../../../arm-none-eabi/lib/thumb/v7e-m/nofp/libc.a(libc_a-mlock.o)
 .bss           0x200006d4        0x0 /Users/nahl/toolchains/arm-gnu-toolchain-12.2.mpacbti-rel1-darwin-x86_64-arm-none-eabi/bin/../lib/gcc/arm-none-eabi/12.2.1/../../../../arm-none-eabi/lib/thumb/v7e-m/nofp/libc.a(libc_a-fclose.o)
 .bss           0x200006d4        0x0 /Users/nahl/toolchains/arm-gnu-toolchain-12.2.mpacbti-rel1-darwin-x86_64-arm-none-eabi/bin/../lib/gcc/arm-none-eabi/12.2.1/../../../../arm-none-eabi/lib/thumb/v7e-m/nofp/libc.a(libc_a-reallocr.o)
 .bss           0x200006d4        0x0 /Users/nahl/toolchains/arm-gnu-toolchain-12.2.mpacbti-rel1-darwin-x86_64-arm-none-eabi/bin/../lib/gcc/arm-none-eabi/12.2.1/../../../../arm-none-eabi/lib/thumb/v7e-m/nofp/libc.a(libc_a-fflush.o)
 .bss           0x200006d4        0x0 /Users/nahl/toolchains/arm-gnu-toolchain-12.2.mpacbti-rel1-darwin-x86_64-arm-none-eabi/bin/../lib/gcc/arm-none-eabi/12.2.1/../../../../arm-none-eabi/lib/thumb/v7e-m/nofp/libc.a(libc_a-stdio.o)
 .bss           0x200006d4        0x0 /Users/nahl/toolchains/arm-gnu-toolchain-12.2.mpacbti-rel1-darwin-x86_64-arm-none-eabi/bin/../lib/gcc/arm-none-eabi/12.2.1/../../../../arm-none-eabi/lib/thumb/v7e-m/nofp/libc.a(libc_a-closer.o)
 .bss           0x200006d4        0x0 /Users/nahl/toolchains/arm-gnu-toolchain-12.2.mpacbti-rel1-darwin-x86_64-arm-none-eabi/bin/../lib/gcc/arm-none-eabi/12.2.1/../../../../arm-none-eabi/lib/thumb/v7e-m/nofp/libc.a(libc_a-reent.o)
 .bss           0x200006d4        0x0 /Users/nahl/toolchains/arm-gnu-toolchain-12.2.mpacbti-rel1-darwin-x86_64-arm-none-eabi/bin/../lib/gcc/arm-none-eabi/12.2.1/../../../../arm-none-eabi/lib/thumb/v7e-m/nofp/libc.a(libc_a-fstatr.o)
 .bss           0x200006d4        0x0 /Users/nahl/toolchains/arm-gnu-toolchain-12.2.mpacbti-rel1-darwin-x86_64-arm-none-eabi/bin/../lib/gcc/arm-none-eabi/12.2.1/../../../../arm-none-eabi/lib/thumb/v7e-m/nofp/libc.a(libc_a-isattyr.o)
 .bss           0x200006d4        0x0 /Users/nahl/toolchains/arm-gnu-toolchain-12.2.mpacbti-rel1-darwin-x86_64-arm-none-eabi/bin/../lib/gcc/arm-none-eabi/12.2.1/../../../../arm-none-eabi/lib/thumb/v7e-m/nofp/libc.a(libc_a-lseekr.o)
 .bss           0x200006d4        0x0 /Users/nahl/toolchains/arm-gnu-toolchain-12.2.mpacbti-rel1-darwin-x86_64-arm-none-eabi/bin/../lib/gcc/arm-none-eabi/12.2.1/../../../../arm-none-eabi/lib/thumb/v7e-m/nofp/libc.a(libc_a-readr.o)
 .bss           0x200006d4        0x0 /Users/nahl/toolchains/arm-gnu-toolchain-12.2.mpacbti-rel1-darwin-x86_64-arm-none-eabi/bin/../lib/gcc/arm-none-eabi/12.2.1/../../../../arm-none-eabi/lib/thumb/v7e-m/nofp/libc.a(libc_a-sbrkr.o)
 .bss           0x200006d4        0x0 /Users/nahl/toolchains/arm-gnu-toolchain-12.2.mpacbti-rel1-darwin-x86_64-arm-none-eabi/bin/../lib/gcc/arm-none-eabi/12.2.1/../../../../arm-none-eabi/lib/thumb/v7e-m/nofp/libc.a(libc_a-writer.o)
 .bss           0x200006d4        0x0 /Users/nahl/toolchains/arm-gnu-toolchain-12.2.mpacbti-rel1-darwin-x86_64-arm-none-eabi/bin/../lib/gcc/arm-none-eabi/12.2.1/../../../../arm-none-eabi/lib/thumb/v7e-m/nofp/libc.a(libc_a-sysconf.o)
 .bss           0x200006d4        0x0 /Users/nahl/toolchains/arm-gnu-toolchain-12.2.mpacbti-rel1-darwin-x86_64-arm-none-eabi/bin/../lib/gcc/arm-none-eabi/12.2.1/../../../../arm-none-eabi/lib/thumb/v7e-m/nofp/libc.a(libc_a-fini.o)
 .bss           0x200006d4        0x0 /Users/nahl/toolchains/arm-gnu-toolchain-12.2.mpacbti-rel1-darwin-x86_64-arm-none-eabi/bin/../lib/gcc/arm-none-eabi/12.2.1/../../../../arm-none-eabi/lib/thumb/v7e-m/nofp/libc.a(libc_a-__atexit.o)
 .bss           0x200006d4        0x0 /Users/nahl/toolchains/arm-gnu-toolchain-12.2.mpacbti-rel1-darwin-x86_64-arm-none-eabi/bin/../lib/gcc/arm-none-eabi/12.2.1/../../../../arm-none-eabi/lib/thumb/v7e-m/nofp/libc.a(libc_a-errno.o)
 .bss           0x200006d4        0x0 /Users/nahl/toolchains/arm-gnu-toolchain-12.2.mpacbti-rel1-darwin-x86_64-arm-none-eabi/bin/../lib/gcc/arm-none-eabi/12.2.1/../../../../arm-none-eabi/lib/thumb/v7e-m/nofp/librdimon.a(arm_librdimon_a-_exit.o)
 .bss           0x200006d4        0x0 /Users/nahl/toolchains/arm-gnu-toolchain-12.2.mpacbti-rel1-darwin-x86_64-arm-none-eabi/bin/../lib/gcc/arm-none-eabi/12.2.1/../../../../arm-none-eabi/lib/thumb/v7e-m/nofp/librdimon.a(arm_librdimon_a-_kill.o)
 .bss           0x200006d4        0x0 /Users/nahl/toolchains/arm-gnu-toolchain-12.2.mpacbti-rel1-darwin-x86_64-arm-none-eabi/bin/../lib/gcc/arm-none-eabi/12.2.1/../../../../arm-none-eabi/lib/thumb/v7e-m/nofp/librdimon.a(arm_librdimon_a-syscalls.o)
 .bss           0x200006d4        0x0 /Users/nahl/toolchains/arm-gnu-toolchain-12.2.mpacbti-rel1-darwin-x86_64-arm-none-eabi/bin/../lib/gcc/arm-none-eabi/12.2.1/thumb/v7e-m/nofp/crtend.o
 .bss           0x200006d4        0x0 /Users/nahl/toolchains/arm-gnu-toolchain-12.2.mpacbti-rel1-darwin-x86_64-arm-none-eabi/bin/../lib/gcc/arm-none-eabi/12.2.1/thumb/v7e-m/nofp/crtn.o
 *(.bss.*)
 .bss.completed.1
                0x200006d4        0x1 /Users/nahl/toolchains/arm-gnu-toolchain-12.2.mpacbti-rel1-darwin-x86_64-arm-none-eabi/bin/../lib/gcc/arm-none-eabi/12.2.1/thumb/v7e-m/nofp/crtbegin.o
 *fill*         0x200006d5        0x3 
 .bss.object.0  0x200006d8       0x18 /Users/nahl/toolchains/arm-gnu-toolchain-12.2.mpacbti-rel1-darwin-x86_64-arm-none-eabi/bin/../lib/gcc/arm-none-eabi/12.2.1/thumb/v7e-m/nofp/crtbegin.o
 .bss.__sf      0x200006f0      0x138 /Users/nahl/toolchains/arm-gnu-toolchain-12.2.mpacbti-rel1-darwin-x86_64-arm-none-eabi/bin/../lib/gcc/arm-none-eabi/12.2.1/../../../../arm-none-eabi/lib/thumb/v7e-m/nofp/libc.a(libc_a-findfp.o)
                0x200006f0                __sf
 .bss.__stdio_exit_handler
                0x20000828        0x4 /Users/nahl/toolchains/arm-gnu-toolchain-12.2.mpacbti-rel1-darwin-x86_64-arm-none-eabi/bin/../lib/gcc/arm-none-eabi/12.2.1/../../../../arm-none-eabi/lib/thumb/v7e-m/nofp/libc.a(libc_a-findfp.o)
                0x20000828                __stdio_exit_handler
 .bss.__lock___arc4random_mutex
                0x2000082c        0x1 /Users/nahl/toolchains/arm-gnu-toolchain-12.2.mpacbti-rel1-darwin-x86_64-arm-none-eabi/bin/../lib/gcc/arm-none-eabi/12.2.1/../../../../arm-none-eabi/lib/thumb/v7e-m/nofp/libc.a(libc_a-lock.o)
                0x2000082c                __lock___arc4random_mutex
 *fill*         0x2000082d        0x3 
 .bss.__lock___dd_hash_mutex
                0x20000830        0x1 /Users/nahl/toolchains/arm-gnu-toolchain-12.2.mpacbti-rel1-darwin-x86_64-arm-none-eabi/bin/../lib/gcc/arm-none-eabi/12.2.1/../../../../arm-none-eabi/lib/thumb/v7e-m/nofp/libc.a(libc_a-lock.o)
                0x20000830                __lock___dd_hash_mutex
 *fill*         0x20000831        0x3 
 .bss.__lock___tz_mutex
                0x20000834        0x1 /Users/nahl/toolchains/arm-gnu-toolchain-12.2.mpacbti-rel1-darwin-x86_64-arm-none-eabi/bin/../lib/gcc/arm-none-eabi/12.2.1/../../../../arm-none-eabi/lib/thumb/v7e-m/nofp/libc.a(libc_a-lock.o)
                0x20000834                __lock___tz_mutex
 *fill*         0x20000835        0x3 
 .bss.__lock___env_recursive_mutex
                0x20000838        0x1 /Users/nahl/toolchains/arm-gnu-toolchain-12.2.mpacbti-rel1-darwin-x86_64-arm-none-eabi/bin/../lib/gcc/arm-none-eabi/12.2.1/../../../../arm-none-eabi/lib/thumb/v7e-m/nofp/libc.a(libc_a-lock.o)
                0x20000838                __lock___env_recursive_mutex
 *fill*         0x20000839        0x3 
 .bss.__lock___malloc_recursive_mutex
                0x2000083c        0x1 /Users/nahl/toolchains/arm-gnu-toolchain-12.2.mpacbti-rel1-darwin-x86_64-arm-none-eabi/bin/../lib/gcc/arm-none-eabi/12.2.1/../../../../arm-none-eabi/lib/thumb/v7e-m/nofp/libc.a(libc_a-lock.o)
                0x2000083c                __lock___malloc_recursive_mutex
 *fill*         0x2000083d        0x3 
 .bss.__lock___at_quick_exit_mutex
                0x20000840        0x1 /Users/nahl/toolchains/arm-gnu-toolchain-12.2.mpacbti-rel1-darwin-x86_64-arm-none-eabi/bin/../lib/gcc/arm-none-eabi/12.2.1/../../../../arm-none-eabi/lib/thumb/v7e-m/nofp/libc.a(libc_a-lock.o)
                0x20000840                __lock___at_quick_exit_mutex
 *fill*         0x20000841        0x3 
 .bss.__lock___atexit_recursive_mutex
                0x20000844        0x1 /Users/nahl/toolchains/arm-gnu-toolchain-12.2.mpacbti-rel1-darwin-x86_64-arm-none-eabi/bin/../lib/gcc/arm-none-eabi/12.2.1/../../../../arm-none-eabi/lib/thumb/v7e-m/nofp/libc.a(libc_a-lock.o)
                0x20000844                __lock___atexit_recursive_mutex
 *fill*         0x20000845        0x3 
 .bss.__lock___sfp_recursive_mutex
                0x20000848        0x1 /Users/nahl/toolchains/arm-gnu-toolchain-12.2.mpacbti-rel1-darwin-x86_64-arm-none-eabi/bin/../lib/gcc/arm-none-eabi/12.2.1/../../../../arm-none-eabi/lib/thumb/v7e-m/nofp/libc.a(libc_a-lock.o)
                0x20000848                __lock___sfp_recursive_mutex
 *fill*         0x20000849        0x3 
 .bss.__atexit  0x2000084c        0x4 /Users/nahl/toolchains/arm-gnu-toolchain-12.2.mpacbti-rel1-darwin-x86_64-arm-none-eabi/bin/../lib/gcc/arm-none-eabi/12.2.1/../../../../arm-none-eabi/lib/thumb/v7e-m/nofp/libc.a(libc_a-__call_atexit.o)
                0x2000084c                __atexit
 .bss.__malloc_current_mallinfo
                0x20000850       0x28 /Users/nahl/toolchains/arm-gnu-toolchain-12.2.mpacbti-rel1-darwin-x86_64-arm-none-eabi/bin/../lib/gcc/arm-none-eabi/12.2.1/../../../../arm-none-eabi/lib/thumb/v7e-m/nofp/libc.a(libc_a-mallocr.o)
                0x20000850                __malloc_current_mallinfo
 .bss.__malloc_max_total_mem
                0x20000878        0x4 /Users/nahl/toolchains/arm-gnu-toolchain-12.2.mpacbti-rel1-darwin-x86_64-arm-none-eabi/bin/../lib/gcc/arm-none-eabi/12.2.1/../../../../arm-none-eabi/lib/thumb/v7e-m/nofp/libc.a(libc_a-mallocr.o)
                0x20000878                __malloc_max_total_mem
 .bss.__malloc_max_sbrked_mem
                0x2000087c        0x4 /Users/nahl/toolchains/arm-gnu-toolchain-12.2.mpacbti-rel1-darwin-x86_64-arm-none-eabi/bin/../lib/gcc/arm-none-eabi/12.2.1/../../../../arm-none-eabi/lib/thumb/v7e-m/nofp/libc.a(libc_a-mallocr.o)
                0x2000087c                __malloc_max_sbrked_mem
 .bss.__malloc_top_pad
                0x20000880        0x4 /Users/nahl/toolchains/arm-gnu-toolchain-12.2.mpacbti-rel1-darwin-x86_64-arm-none-eabi/bin/../lib/gcc/arm-none-eabi/12.2.1/../../../../arm-none-eabi/lib/thumb/v7e-m/nofp/libc.a(libc_a-mallocr.o)
                0x20000880                __malloc_top_pad
 .bss.errno     0x20000884        0x4 /Users/nahl/toolchains/arm-gnu-toolchain-12.2.mpacbti-rel1-darwin-x86_64-arm-none-eabi/bin/../lib/gcc/arm-none-eabi/12.2.1/../../../../arm-none-eabi/lib/thumb/v7e-m/nofp/libc.a(libc_a-reent.o)
                0x20000884                errno
 .bss.__atexit0
                0x20000888      0x190 /Users/nahl/toolchains/arm-gnu-toolchain-12.2.mpacbti-rel1-darwin-x86_64-arm-none-eabi/bin/../lib/gcc/arm-none-eabi/12.2.1/../../../../arm-none-eabi/lib/thumb/v7e-m/nofp/libc.a(libc_a-__atexit.o)
                0x20000888                __atexit0
 .bss.heap_end.0
                0x20000a18        0x4 /Users/nahl/toolchains/arm-gnu-toolchain-12.2.mpacbti-rel1-darwin-x86_64-arm-none-eabi/bin/../lib/gcc/arm-none-eabi/12.2.1/../../../../arm-none-eabi/lib/thumb/v7e-m/nofp/librdimon.a(arm_librdimon_a-syscalls.o)
 .bss.monitor_stderr
                0x20000a1c        0x4 /Users/nahl/toolchains/arm-gnu-toolchain-12.2.mpacbti-rel1-darwin-x86_64-arm-none-eabi/bin/../lib/gcc/arm-none-eabi/12.2.1/../../../../arm-none-eabi/lib/thumb/v7e-m/nofp/librdimon.a(arm_librdimon_a-syscalls.o)
 .bss.monitor_stdout
                0x20000a20        0x4 /Users/nahl/toolchains/arm-gnu-toolchain-12.2.mpacbti-rel1-darwin-x86_64-arm-none-eabi/bin/../lib/gcc/arm-none-eabi/12.2.1/../../../../arm-none-eabi/lib/thumb/v7e-m/nofp/librdimon.a(arm_librdimon_a-syscalls.o)
 .bss.monitor_stdin
                0x20000a24        0x4 /Users/nahl/toolchains/arm-gnu-toolchain-12.2.mpacbti-rel1-darwin-x86_64-arm-none-eabi/bin/../lib/gcc/arm-none-eabi/12.2.1/../../../../arm-none-eabi/lib/thumb/v7e-m/nofp/librdimon.a(arm_librdimon_a-syscalls.o)
 .bss.openfiles
                0x20000a28       0xa0 /Users/nahl/toolchains/arm-gnu-toolchain-12.2.mpacbti-rel1-darwin-x86_64-arm-none-eabi/bin/../lib/gcc/arm-none-eabi/12.2.1/../../../../arm-none-eabi/lib/thumb/v7e-m/nofp/librdimon.a(arm_librdimon_a-syscalls.o)
                0x20000ac8                        . = ALIGN (0x4)
                0x20000ac8                        _ebss = .
                0x20000ac8                        __bss_end__ = _ebss
                0x20000ac8                        . = ALIGN (0x4)
                0x20000ac8                        end = .
                0x20000ac8                        __end__ = .
OUTPUT(final_semihosting.elf elf32-littlearm)
LOAD linker stubs

.ARM.attributes
                0x00000000       0x2a
 .ARM.attributes
                0x00000000       0x1e /Users/nahl/toolchains/arm-gnu-toolchain-12.2.mpacbti-rel1-darwin-x86_64-arm-none-eabi/bin/../lib/gcc/arm-none-eabi/12.2.1/thumb/v7e-m/nofp/crti.o
 .ARM.attributes
                0x0000001e       0x2e /Users/nahl/toolchains/arm-gnu-toolchain-12.2.mpacbti-rel1-darwin-x86_64-arm-none-eabi/bin/../lib/gcc/arm-none-eabi/12.2.1/thumb/v7e-m/nofp/crtbegin.o
 .ARM.attributes
                0x0000004c       0x1c /Users/nahl/toolchains/arm-gnu-toolchain-12.2.mpacbti-rel1-darwin-x86_64-arm-none-eabi/bin/../lib/gcc/arm-none-eabi/12.2.1/../../../../arm-none-eabi/lib/thumb/v7e-m/nofp/rdimon-crt0.o
 .ARM.attributes
                0x00000068       0x2e main.o
 .ARM.attributes
                0x00000096       0x2e led.o
 .ARM.attributes
                0x000000c4       0x2e stm32_startup.o
 .ARM.attributes
                0x000000f2       0x2e /Users/nahl/toolchains/arm-gnu-toolchain-12.2.mpacbti-rel1-darwin-x86_64-arm-none-eabi/bin/../lib/gcc/arm-none-eabi/12.2.1/../../../../arm-none-eabi/lib/thumb/v7e-m/nofp/libc.a(libc_a-exit.o)
 .ARM.attributes
                0x00000120       0x2e /Users/nahl/toolchains/arm-gnu-toolchain-12.2.mpacbti-rel1-darwin-x86_64-arm-none-eabi/bin/../lib/gcc/arm-none-eabi/12.2.1/../../../../arm-none-eabi/lib/thumb/v7e-m/nofp/libc.a(libc_a-puts.o)
 .ARM.attributes
                0x0000014e       0x2e /Users/nahl/toolchains/arm-gnu-toolchain-12.2.mpacbti-rel1-darwin-x86_64-arm-none-eabi/bin/../lib/gcc/arm-none-eabi/12.2.1/../../../../arm-none-eabi/lib/thumb/v7e-m/nofp/libc.a(libc_a-findfp.o)
 .ARM.attributes
                0x0000017c       0x2e /Users/nahl/toolchains/arm-gnu-toolchain-12.2.mpacbti-rel1-darwin-x86_64-arm-none-eabi/bin/../lib/gcc/arm-none-eabi/12.2.1/../../../../arm-none-eabi/lib/thumb/v7e-m/nofp/libc.a(libc_a-fvwrite.o)
 .ARM.attributes
                0x000001aa       0x2e /Users/nahl/toolchains/arm-gnu-toolchain-12.2.mpacbti-rel1-darwin-x86_64-arm-none-eabi/bin/../lib/gcc/arm-none-eabi/12.2.1/../../../../arm-none-eabi/lib/thumb/v7e-m/nofp/libc.a(libc_a-fwalk.o)
 .ARM.attributes
                0x000001d8       0x2e /Users/nahl/toolchains/arm-gnu-toolchain-12.2.mpacbti-rel1-darwin-x86_64-arm-none-eabi/bin/../lib/gcc/arm-none-eabi/12.2.1/../../../../arm-none-eabi/lib/thumb/v7e-m/nofp/libc.a(libc_a-wsetup.o)
 .ARM.attributes
                0x00000206       0x2e /Users/nahl/toolchains/arm-gnu-toolchain-12.2.mpacbti-rel1-darwin-x86_64-arm-none-eabi/bin/../lib/gcc/arm-none-eabi/12.2.1/../../../../arm-none-eabi/lib/thumb/v7e-m/nofp/libc.a(libc_a-memmove.o)
 .ARM.attributes
                0x00000234       0x2e /Users/nahl/toolchains/arm-gnu-toolchain-12.2.mpacbti-rel1-darwin-x86_64-arm-none-eabi/bin/../lib/gcc/arm-none-eabi/12.2.1/../../../../arm-none-eabi/lib/thumb/v7e-m/nofp/libc.a(libc_a-memset.o)
 .ARM.attributes
                0x00000262       0x2e /Users/nahl/toolchains/arm-gnu-toolchain-12.2.mpacbti-rel1-darwin-x86_64-arm-none-eabi/bin/../lib/gcc/arm-none-eabi/12.2.1/../../../../arm-none-eabi/lib/thumb/v7e-m/nofp/libc.a(libc_a-impure.o)
 .ARM.attributes
                0x00000290       0x2e /Users/nahl/toolchains/arm-gnu-toolchain-12.2.mpacbti-rel1-darwin-x86_64-arm-none-eabi/bin/../lib/gcc/arm-none-eabi/12.2.1/../../../../arm-none-eabi/lib/thumb/v7e-m/nofp/libc.a(libc_a-init.o)
 .ARM.attributes
                0x000002be       0x2e /Users/nahl/toolchains/arm-gnu-toolchain-12.2.mpacbti-rel1-darwin-x86_64-arm-none-eabi/bin/../lib/gcc/arm-none-eabi/12.2.1/../../../../arm-none-eabi/lib/thumb/v7e-m/nofp/libc.a(libc_a-lock.o)
 .ARM.attributes
                0x000002ec       0x1c /Users/nahl/toolchains/arm-gnu-toolchain-12.2.mpacbti-rel1-darwin-x86_64-arm-none-eabi/bin/../lib/gcc/arm-none-eabi/12.2.1/../../../../arm-none-eabi/lib/thumb/v7e-m/nofp/libc.a(libc_a-memchr.o)
 .ARM.attributes
                0x00000308       0x1c /Users/nahl/toolchains/arm-gnu-toolchain-12.2.mpacbti-rel1-darwin-x86_64-arm-none-eabi/bin/../lib/gcc/arm-none-eabi/12.2.1/../../../../arm-none-eabi/lib/thumb/v7e-m/nofp/libc.a(libc_a-memcpy.o)
 .ARM.attributes
                0x00000324       0x1c /Users/nahl/toolchains/arm-gnu-toolchain-12.2.mpacbti-rel1-darwin-x86_64-arm-none-eabi/bin/../lib/gcc/arm-none-eabi/12.2.1/../../../../arm-none-eabi/lib/thumb/v7e-m/nofp/libc.a(libc_a-strlen.o)
 .ARM.attributes
                0x00000340       0x2e /Users/nahl/toolchains/arm-gnu-toolchain-12.2.mpacbti-rel1-darwin-x86_64-arm-none-eabi/bin/../lib/gcc/arm-none-eabi/12.2.1/../../../../arm-none-eabi/lib/thumb/v7e-m/nofp/libc.a(libc_a-__call_atexit.o)
 .ARM.attributes
                0x0000036e       0x2e /Users/nahl/toolchains/arm-gnu-toolchain-12.2.mpacbti-rel1-darwin-x86_64-arm-none-eabi/bin/../lib/gcc/arm-none-eabi/12.2.1/../../../../arm-none-eabi/lib/thumb/v7e-m/nofp/libc.a(libc_a-atexit.o)
 .ARM.attributes
                0x0000039c       0x2e /Users/nahl/toolchains/arm-gnu-toolchain-12.2.mpacbti-rel1-darwin-x86_64-arm-none-eabi/bin/../lib/gcc/arm-none-eabi/12.2.1/../../../../arm-none-eabi/lib/thumb/v7e-m/nofp/libc.a(libc_a-freer.o)
 .ARM.attributes
                0x000003ca       0x2e /Users/nahl/toolchains/arm-gnu-toolchain-12.2.mpacbti-rel1-darwin-x86_64-arm-none-eabi/bin/../lib/gcc/arm-none-eabi/12.2.1/../../../../arm-none-eabi/lib/thumb/v7e-m/nofp/libc.a(libc_a-mallocr.o)